Component: Arm Compiler for Embedded 6.22 Tool: armlink [5ee90200]

==============================================================================

Section Cross References

    startup_stm32f103xb.o(STACK) refers (Special) to heapauxi.o(.text) for __use_two_region_memory
    startup_stm32f103xb.o(HEAP) refers (Special) to heapauxi.o(.text) for __use_two_region_memory
    startup_stm32f103xb.o(RESET) refers (Special) to heapauxi.o(.text) for __use_two_region_memory
    startup_stm32f103xb.o(RESET) refers to startup_stm32f103xb.o(STACK) for __initial_sp
    startup_stm32f103xb.o(RESET) refers to startup_stm32f103xb.o(.text) for Reset_Handler
    startup_stm32f103xb.o(RESET) refers to stm32f1xx_it.o(.text.NMI_Handler) for NMI_Handler
    startup_stm32f103xb.o(RESET) refers to stm32f1xx_it.o(.text.HardFault_Handler) for HardFault_Handler
    startup_stm32f103xb.o(RESET) refers to stm32f1xx_it.o(.text.MemManage_Handler) for MemManage_Handler
    startup_stm32f103xb.o(RESET) refers to stm32f1xx_it.o(.text.BusFault_Handler) for BusFault_Handler
    startup_stm32f103xb.o(RESET) refers to stm32f1xx_it.o(.text.UsageFault_Handler) for UsageFault_Handler
    startup_stm32f103xb.o(RESET) refers to stm32f1xx_it.o(.text.SVC_Handler) for SVC_Handler
    startup_stm32f103xb.o(RESET) refers to stm32f1xx_it.o(.text.DebugMon_Handler) for DebugMon_Handler
    startup_stm32f103xb.o(RESET) refers to stm32f1xx_it.o(.text.PendSV_Handler) for PendSV_Handler
    startup_stm32f103xb.o(RESET) refers to stm32f1xx_it.o(.text.SysTick_Handler) for SysTick_Handler
    startup_stm32f103xb.o(RESET) refers to stm32f1xx_it.o(.text.DMA1_Channel2_IRQHandler) for DMA1_Channel2_IRQHandler
    startup_stm32f103xb.o(RESET) refers to stm32f1xx_it.o(.text.DMA1_Channel3_IRQHandler) for DMA1_Channel3_IRQHandler
    startup_stm32f103xb.o(RESET) refers to stm32f1xx_it.o(.text.DMA1_Channel4_IRQHandler) for DMA1_Channel4_IRQHandler
    startup_stm32f103xb.o(RESET) refers to stm32f1xx_it.o(.text.DMA1_Channel5_IRQHandler) for DMA1_Channel5_IRQHandler
    startup_stm32f103xb.o(RESET) refers to stm32f1xx_it.o(.text.TIM2_IRQHandler) for TIM2_IRQHandler
    startup_stm32f103xb.o(RESET) refers to stm32f1xx_it.o(.text.USART1_IRQHandler) for USART1_IRQHandler
    startup_stm32f103xb.o(RESET) refers to stm32f1xx_it.o(.text.USART3_IRQHandler) for USART3_IRQHandler
    startup_stm32f103xb.o(.text) refers (Special) to heapauxi.o(.text) for __use_two_region_memory
    startup_stm32f103xb.o(.text) refers to system_stm32f1xx.o(.text.SystemInit) for SystemInit
    startup_stm32f103xb.o(.text) refers to __main.o(!!!main) for __main
    startup_stm32f103xb.o(.text) refers to startup_stm32f103xb.o(HEAP) for Heap_Mem
    startup_stm32f103xb.o(.text) refers to startup_stm32f103xb.o(STACK) for Stack_Mem
    main.o(.text.main) refers to stm32f1xx_hal.o(.text.HAL_Init) for HAL_Init
    main.o(.text.main) refers to main.o(.text.SystemClock_Config) for SystemClock_Config
    main.o(.text.main) refers to gpio.o(.text.MX_GPIO_Init) for MX_GPIO_Init
    main.o(.text.main) refers to dma.o(.text.MX_DMA_Init) for MX_DMA_Init
    main.o(.text.main) refers to spi.o(.text.MX_SPI1_Init) for MX_SPI1_Init
    main.o(.text.main) refers to tim.o(.text.MX_TIM1_Init) for MX_TIM1_Init
    main.o(.text.main) refers to tim.o(.text.MX_TIM3_Init) for MX_TIM3_Init
    main.o(.text.main) refers to usart.o(.text.MX_USART1_UART_Init) for MX_USART1_UART_Init
    main.o(.text.main) refers to usart.o(.text.MX_USART3_UART_Init) for MX_USART3_UART_Init
    main.o(.text.main) refers to tim.o(.text.MX_TIM2_Init) for MX_TIM2_Init
    main.o(.text.main) refers to tim.o(.text.MX_TIM4_Init) for MX_TIM4_Init
    main.o(.text.main) refers to app_task.o(.text.App_Task_Init) for App_Task_Init
    main.o(.text.main) refers to app_task.o(.text.Task_Loop) for Task_Loop
    main.o(.ARM.exidx.text.main) refers to main.o(.text.main) for [Anonymous Symbol]
    main.o(.text.SystemClock_Config) refers to rt_memclr_w.o(.text) for __aeabi_memclr4
    main.o(.text.SystemClock_Config) refers to stm32f1xx_hal_rcc.o(.text.HAL_RCC_OscConfig) for HAL_RCC_OscConfig
    main.o(.text.SystemClock_Config) refers to main.o(.text.Error_Handler) for Error_Handler
    main.o(.text.SystemClock_Config) refers to stm32f1xx_hal_rcc.o(.text.HAL_RCC_ClockConfig) for HAL_RCC_ClockConfig
    main.o(.ARM.exidx.text.SystemClock_Config) refers to main.o(.text.SystemClock_Config) for [Anonymous Symbol]
    main.o(.ARM.exidx.text.Error_Handler) refers to main.o(.text.Error_Handler) for [Anonymous Symbol]
    gpio.o(.text.MX_GPIO_Init) refers to stm32f1xx_hal_gpio.o(.text.HAL_GPIO_WritePin) for HAL_GPIO_WritePin
    gpio.o(.text.MX_GPIO_Init) refers to stm32f1xx_hal_gpio.o(.text.HAL_GPIO_Init) for HAL_GPIO_Init
    gpio.o(.ARM.exidx.text.MX_GPIO_Init) refers to gpio.o(.text.MX_GPIO_Init) for [Anonymous Symbol]
    dma.o(.text.MX_DMA_Init) refers to stm32f1xx_hal_cortex.o(.text.HAL_NVIC_SetPriority) for HAL_NVIC_SetPriority
[...]
    _fsub1                                   0x08006f27   Thumb Code     0  faddsub_clz.o(x$fpl$fsub)
    x$fpl$usenofp                            0x08007002   Section        0  usenofp.o(x$fpl$usenofp)
    HAL_RCC_GetSysClockFreq.aPLLMULFactorTable 0x0800701a   Data          16  stm32f1xx_hal_rcc.o(.rodata.HAL_RCC_GetSysClockFreq.aPLLMULFactorTable)
    [Anonymous Symbol]                       0x0800701a   Section        0  stm32f1xx_hal_rcc.o(.rodata.HAL_RCC_GetSysClockFreq.aPLLMULFactorTable)
    HAL_RCC_GetSysClockFreq.aPredivFactorTable 0x0800702a   Data           2  stm32f1xx_hal_rcc.o(.rodata.HAL_RCC_GetSysClockFreq.aPredivFactorTable)
    [Anonymous Symbol]                       0x0800702a   Section        0  stm32f1xx_hal_rcc.o(.rodata.HAL_RCC_GetSysClockFreq.aPredivFactorTable)
    (anonymous namespace)::kServoChannels    0x0800702c   Data          16  dev_servo.o(.rodata._ZN12_GLOBAL__N_114kServoChannelsE)
    [Anonymous Symbol]                       0x0800702c   Section        0  dev_servo.o(.rodata._ZN12_GLOBAL__N_114kServoChannelsE)
    FcParam::Control::kInitPid               0x0800703c   Data         120  alg_control.o(.rodata._ZN7FcParam7ControlL8kInitPidE)
    [Anonymous Symbol]                       0x0800703c   Section        0  alg_control.o(.rodata._ZN7FcParam7ControlL8kInitPidE)
    .init_array                              0x080070d8   Section        0  init_aeabi.o(.init_array)
    .bss                                     0x20000010   Section       96  libspace.o(.bss)
    (anonymous namespace)::g_app_inited      0x20000070   Data           1  app_flight.o(.bss._ZN12_GLOBAL__N_112g_app_initedE)
    [Anonymous Symbol]                       0x20000070   Section        0  app_flight.o(.bss._ZN12_GLOBAL__N_112g_app_initedE)
    (anonymous namespace)::g_div20_count     0x20000071   Data           1  app_task.o(.bss._ZN12_GLOBAL__N_113g_div20_countE)
    [Anonymous Symbol]                       0x20000071   Section        0  app_task.o(.bss._ZN12_GLOBAL__N_113g_div20_countE)
    (anonymous namespace)::g_last_run_ms     0x20000074   Data           4  app_flight.o(.bss._ZN12_GLOBAL__N_113g_last_run_msE)
    [Anonymous Symbol]                       0x20000074   Section        0  app_flight.o(.bss._ZN12_GLOBAL__N_113g_last_run_msE)
    (anonymous namespace)::g_rx_handlers     0x20000078   Data          80  drv_uart.o(.bss._ZN12_GLOBAL__N_113g_rx_handlersE)
    [Anonymous Symbol]                       0x20000078   Section        0  drv_uart.o(.bss._ZN12_GLOBAL__N_113g_rx_handlersE)
    (anonymous namespace)::g_k230_rx_buffer  0x200000c8   Data          64  app_flight.o(.bss._ZN12_GLOBAL__N_116g_k230_rx_bufferE)
    [Anonymous Symbol]                       0x200000c8   Section        0  app_flight.o(.bss._ZN12_GLOBAL__N_116g_k230_rx_bufferE)
    (anonymous namespace)::g_last_k230_rx_ms 0x20000108   Data           4  app_flight.o(.bss._ZN12_GLOBAL__N_117g_last_k230_rx_msE)
    [Anonymous Symbol]                       0x20000108   Section        0  app_flight.o(.bss._ZN12_GLOBAL__N_117g_last_k230_rx_msE)
    Vofa::g_huart                            0x2000010c   Data           4  app_flight.o(.bss._ZN4VofaL7g_huartE)
    [Anonymous Symbol]                       0x2000010c   Section        0  app_flight.o(.bss._ZN4VofaL7g_huartE)
    App_Flight_Task::g_retry_after_ms        0x20000110   Data           4  app_flight.o(.bss._ZZ15App_Flight_TaskE16g_retry_after_ms)
    [Anonymous Symbol]                       0x20000110   Section        0  app_flight.o(.bss._ZZ15App_Flight_TaskE16g_retry_after_ms)
    App_Flight_Task::vofa_div                0x20000114   Data           1  app_flight.o(.bss._ZZ15App_Flight_TaskE8vofa_div)
    [Anonymous Symbol]                       0x20000114   Section        0  app_flight.o(.bss._ZZ15App_Flight_TaskE8vofa_div)
    Heap_Mem                                 0x20000550   Data         512  startup_stm32f103xb.o(HEAP)
    HEAP                                     0x20000550   Section      512  startup_stm32f103xb.o(HEAP)
    Stack_Mem                                0x20000750   Data        1024  startup_stm32f103xb.o(STACK)
    STACK                                    0x20000750   Section     1024  startup_stm32f103xb.o(STACK)
    __initial_sp                             0x20000b50   Data           0  startup_stm32f103xb.o(STACK)

    Global Symbols

    Symbol Name                              Value     Ov Type        Size  Object(Section)

    BuildAttributes$$THM_ISAv4$P$D$K$B$S$PE$A:L22UL41UL21$X:L11$S22US41US21$IEEE1$IW$~IW$USESV6$~STKCKD$USESV7$~SHL$OSPACE$ROPI$EBA8$UX$STANDARDLIB$REQ8$PRES8$EABIv2 0x00000000   Number         0  anon$$obj.o ABSOLUTE
    __fp_init_empty                          0x00000000   Number         0  fpinit_empty.o ABSOLUTE
    __ARM_exceptions_init                     - Undefined Weak Reference
    __alloca_initialize                       - Undefined Weak Reference
    __arm_preinit_                            - Undefined Weak Reference
    __arm_relocate_pie_                       - Undefined Weak Reference
    __cxa_finalize                            - Undefined Weak Reference
    __rt_locale                               - Undefined Weak Reference
    __sigvec_lookup                           - Undefined Weak Reference
    _atexit_init                              - Undefined Weak Reference
    _call_atexit_fns                          - Undefined Weak Reference
    _clock_init                               - Undefined Weak Reference
    _fp_trap_init                             - Undefined Weak Reference
    _fp_trap_shutdown                         - Undefined Weak Reference
    _get_lc_collate                           - Undefined Weak Reference
    _get_lc_ctype                             - Undefined Weak Reference
    _get_lc_monetary                          - Undefined Weak Reference
    _get_lc_numeric                           - Undefined Weak Reference
    _get_lc_time                              - Undefined Weak Reference
    _getenv_init                              - Undefined Weak Reference
    _handle_redirection                       - Undefined Weak Reference
    _init_alloc                               - Undefined Weak Reference
    _init_user_alloc                          - Undefined Weak Reference
    _initio                                   - Undefined Weak Reference
    _rand_init                                - Undefined Weak Reference
    _signal_finish                            - Undefined Weak Reference
    _signal_init                              - Undefined Weak Reference
    _terminate_alloc                          - Undefined Weak Reference
    _terminate_user_alloc                     - Undefined Weak Reference
    _terminateio                              - Undefined Weak Reference
    __Vectors_Size                           0x000000ec   Number         0  startup_stm32f103xb.o ABSOLUTE
    __Vectors                                0x08000000   Data           4  startup_stm32f103xb.o(RESET)
    __Vectors_End                            0x080000ec   Data           0  startup_stm32f103xb.o(RESET)
    __main                                   0x080000ed   Thumb Code     8  __main.o(!!!main)
    __scatterload                            0x080000f5   Thumb Code     0  __scatter.o(!!!scatter)
    __scatterload_rt2                        0x080000f5   Thumb Code    84  __scatter.o(!!!scatter)
    __scatterload_rt2_thumb_only             0x080000f5   Thumb Code     0  __scatter.o(!!!scatter)
    __scatterload_loop                       0x080000ff   Thumb Code     0  __scatter.o(!!!scatter)
    __scatterload_copy                       0x08000151   Thumb Code    26  __scatter_copy.o(!!handler_copy)
    __scatterload_null                       0x0800016d   Thumb Code     2  __scatter.o(!!handler_null)
    __scatterload_zeroinit                   0x08000171   Thumb Code    28  __scatter_zi.o(!!handler_zi)
    __rt_lib_init                            0x0800018d   Thumb Code     0  libinit.o(.ARM.Collect$$libinit$$00000000)
    __rt_lib_init_alloca_1                   0x0800018f   Thumb Code     0  libinit2.o(.ARM.Collect$$libinit$$00000030)
    __rt_lib_init_argv_1                     0x0800018f   Thumb Code     0  libinit2.o(.ARM.Collect$$libinit$$0000002E)
    __rt_lib_init_atexit_1                   0x0800018f   Thumb Code     0  libinit2.o(.ARM.Collect$$libinit$$0000001D)
    __rt_lib_init_clock_1                    0x0800018f   Thumb Code     0  libinit2.o(.ARM.Collect$$libinit$$00000023)
    __rt_lib_init_cpp_2                      0x0800018f   Thumb Code     0  libinit2.o(.ARM.Collect$$libinit$$00000033)
    __rt_lib_init_exceptions_1               0x0800018f   Thumb Code     0  libinit2.o(.ARM.Collect$$libinit$$00000032)
    __rt_lib_init_fp_1                       0x0800018f   Thumb Code     0  libinit2.o(.ARM.Collect$$libinit$$00000002)
    __rt_lib_init_fp_trap_1                  0x0800018f   Thumb Code     0  libinit2.o(.ARM.Collect$$libinit$$00000021)
    __rt_lib_init_getenv_1                   0x0800018f   Thumb Code     0  libinit2.o(.ARM.Collect$$libinit$$00000025)
    __rt_lib_init_heap_1                     0x0800018f   Thumb Code     0  libinit2.o(.ARM.Collect$$libinit$$0000000C)
    __rt_lib_init_lc_collate_1               0x0800018f   Thumb Code     0  libinit2.o(.ARM.Collect$$libinit$$00000013)
    __rt_lib_init_lc_ctype_1                 0x0800018f   Thumb Code     0  libinit2.o(.ARM.Collect$$libinit$$00000015)
    __rt_lib_init_lc_monetary_1              0x0800018f   Thumb Code     0  libinit2.o(.ARM.Collect$$libinit$$00000017)
    __rt_lib_init_lc_numeric_1               0x0800018f   Thumb Code     0  libinit2.o(.ARM.Collect$$libinit$$00000019)
    __rt_lib_init_lc_time_1                  0x0800018f   Thumb Code     0  libinit2.o(.ARM.Collect$$libinit$$0000001B)
    __rt_lib_init_preinit_1                  0x0800018f   Thumb Code     0  libinit2.o(.ARM.Collect$$libinit$$00000006)
    __rt_lib_init_rand_1                     0x0800018f   Thumb Code     0  libinit2.o(.ARM.Collect$$libinit$$00000010)
    __rt_lib_init_relocate_pie_1             0x0800018f   Thumb Code     0  libinit2.o(.ARM.Collect$$libinit$$00000004)
    __rt_lib_init_signal_1                   0x0800018f   Thumb Code     0  libinit2.o(.ARM.Collect$$libinit$$0000001F)
    __rt_lib_init_stdio_1                    0x0800018f   Thumb Code     0  libinit2.o(.ARM.Collect$$libinit$$00000027)
    __rt_lib_init_user_alloc_1               0x0800018f   Thumb Code     0  libinit2.o(.ARM.Collect$$libinit$$0000000E)
    __rt_lib_init_cpp_1                      0x08000193   Thumb Code     0  libinit2.o(.ARM.Collect$$libinit$$00000034)
    __rt_lib_init_return                     0x08000193   Thumb Code     0  libinit2.o(.ARM.Collect$$libinit$$00000035)
    __rt_lib_shutdown                        0x08000195   Thumb Code     0  libshutdown.o(.ARM.Collect$$libshutdown$$00000000)
    __rt_lib_shutdown_cpp_1                  0x08000197   Thumb Code     0  libshutdown2.o(.ARM.Collect$$libshutdown$$00000002)
    __rt_lib_shutdown_fp_trap_1              0x08000197   Thumb Code     0  libshutdown2.o(.ARM.Collect$$libshutdown$$00000007)
    __rt_lib_shutdown_heap_1                 0x08000197   Thumb Code     0  libshutdown2.o(.ARM.Collect$$libshutdown$$0000000F)
    __rt_lib_shutdown_return                 0x08000197   Thumb Code     0  libshutdown2.o(.ARM.Collect$$libshutdown$$00000010)
    __rt_lib_shutdown_signal_1               0x08000197   Thumb Code     0  libshutdown2.o(.ARM.Collect$$libshutdown$$0000000A)
    __rt_lib_shutdown_stdio_1                0x08000197   Thumb Code     0  libshutdown2.o(.ARM.Collect$$libshutdown$$00000004)
    __rt_lib_shutdown_user_alloc_1           0x08000197   Thumb Code     0  libshutdown2.o(.ARM.Collect$$libshutdown$$0000000C)
    __rt_entry                               0x08000199   Thumb Code     0  __rtentry.o(.ARM.Collect$$rtentry$$00000000)
    __rt_entry_presh_1                       0x08000199   Thumb Code     0  __rtentry2.o(.ARM.Collect$$rtentry$$00000002)
    __rt_entry_sh                            0x08000199   Thumb Code     0  __rtentry4.o(.ARM.Collect$$rtentry$$00000004)
    __rt_entry_li                            0x0800019f   Thumb Code     0  __rtentry2.o(.ARM.Collect$$rtentry$$0000000A)
    __rt_entry_postsh_1                      0x0800019f   Thumb Code     0  __rtentry2.o(.ARM.Collect$$rtentry$$00000009)
    __rt_entry_main                          0x080001a3   Thumb Code     0  __rtentry2.o(.ARM.Collect$$rtentry$$0000000D)
    __rt_entry_postli_1                      0x080001a3   Thumb Code     0  __rtentry2.o(.ARM.Collect$$rtentry$$0000000C)
    __rt_exit                                0x080001ab   Thumb Code     0  rtexit.o(.ARM.Collect$$rtexit$$00000000)
    __rt_exit_ls                             0x080001ad   Thumb Code     0  rtexit2.o(.ARM.Collect$$rtexit$$00000003)
    __rt_exit_prels_1                        0x080001ad   Thumb Code     0  rtexit2.o(.ARM.Collect$$rtexit$$00000002)
    __rt_exit_exit                           0x080001b1   Thumb Code     0  rtexit2.o(.ARM.Collect$$rtexit$$00000004)
    Reset_Handler                            0x080001b9   Thumb Code     8  startup_stm32f103xb.o(.text)
    ADC1_2_IRQHandler                        0x080001d3   Thumb Code     0  startup_stm32f103xb.o(.text)
    CAN1_RX1_IRQHandler                      0x080001d3   Thumb Code     0  startup_stm32f103xb.o(.text)
    CAN1_SCE_IRQHandler                      0x080001d3   Thumb Code     0  startup_stm32f103xb.o(.text)
    DMA1_Channel1_IRQHandler                 0x080001d3   Thumb Code     0  startup_stm32f103xb.o(.text)
    DMA1_Channel6_IRQHandler                 0x080001d3   Thumb Code     0  startup_stm32f103xb.o(.text)
    DMA1_Channel7_IRQHandler                 0x080001d3   Thumb Code     0  startup_stm32f103xb.o(.text)
    EXTI0_IRQHandler                         0x080001d3   Thumb Code     0  startup_stm32f103xb.o(.text)
    EXTI15_10_IRQHandler                     0x080001d3   Thumb Code     0  startup_stm32f103xb.o(.text)
    EXTI1_IRQHandler                         0x080001d3   Thumb Code     0  startup_stm32f103xb.o(.text)
    EXTI2_IRQHandler                         0x080001d3   Thumb Code     0  startup_stm32f103xb.o(.text)
    EXTI3_IRQHandler                         0x080001d3   Thumb Code     0  startup_stm32f103xb.o(.text)
    EXTI4_IRQHandler                         0x080001d3   Thumb Code     0  startup_stm32f103xb.o(.text)
    EXTI9_5_IRQHandler                       0x080001d3   Thumb Code     0  startup_stm32f103xb.o(.text)
    FLASH_IRQHandler                         0x080001d3   Thumb Code     0  startup_stm32f103xb.o(.text)
    I2C1_ER_IRQHandler                       0x080001d3   Thumb Code     0  startup_stm32f103xb.o(.text)
    I2C1_EV_IRQHandler                       0x080001d3   Thumb Code     0  startup_stm32f103xb.o(.text)
    I2C2_ER_IRQHandler                       0x080001d3   Thumb Code     0  startup_stm32f103xb.o(.text)
    I2C2_EV_IRQHandler                       0x080001d3   Thumb Code     0  startup_stm32f103xb.o(.text)
    PVD_IRQHandler                           0x080001d3   Thumb Code     0  startup_stm32f103xb.o(.text)
    RCC_IRQHandler                           0x080001d3   Thumb Code     0  startup_stm32f103xb.o(.text)
    RTC_Alarm_IRQHandler                     0x080001d3   Thumb Code     0  startup_stm32f103xb.o(.text)
    RTC_IRQHandler                           0x080001d3   Thumb Code     0  startup_stm32f103xb.o(.text)
    SPI1_IRQHandler                          0x080001d3   Thumb Code     0  startup_stm32f103xb.o(.text)
    SPI2_IRQHandler                          0x080001d3   Thumb Code     0  startup_stm32f103xb.o(.text)
    TAMPER_IRQHandler                        0x080001d3   Thumb Code     0  startup_stm32f103xb.o(.text)
    TIM1_BRK_IRQHandler                      0x080001d3   Thumb Code     0  startup_stm32f103xb.o(.text)
    TIM1_CC_IRQHandler                       0x080001d3   Thumb Code     0  startup_stm32f103xb.o(.text)
    TIM1_TRG_COM_IRQHandler                  0x080001d3   Thumb Code     0  startup_stm32f103xb.o(.text)
    TIM1_UP_IRQHandler                       0x080001d3   Thumb Code     0  startup_stm32f103xb.o(.text)
    TIM3_IRQHandler                          0x080001d3   Thumb Code     0  startup_stm32f103xb.o(.text)
    TIM4_IRQHandler                          0x080001d3   Thumb Code     0  startup_stm32f103xb.o(.text)
    USART2_IRQHandler                        0x080001d3   Thumb Code     0  startup_stm32f103xb.o(.text)
    USBWakeUp_IRQHandler                     0x080001d3   Thumb Code     0  startup_stm32f103xb.o(.text)
    USB_HP_CAN1_TX_IRQHandler                0x080001d3   Thumb Code     0  startup_stm32f103xb.o(.text)
    USB_LP_CAN1_RX0_IRQHandler               0x080001d3   Thumb Code     0  startup_stm32f103xb.o(.text)
    WWDG_IRQHandler                          0x080001d3   Thumb Code     0  startup_stm32f103xb.o(.text)
    __user_initial_stackheap                 0x080001d5   Thumb Code     0  startup_stm32f103xb.o(.text)
    __aeabi_memcpy                           0x080001f9   Thumb Code     0  rt_memcpy_v6.o(.text)
    __rt_memcpy                              0x080001f9   Thumb Code   138  rt_memcpy_v6.o(.text)
    _memcpy_lastbytes                        0x0800025f   Thumb Code     0  rt_memcpy_v6.o(.text)
    __aeabi_memclr4                          0x08000283   Thumb Code     0  rt_memclr_w.o(.text)
    __aeabi_memclr8                          0x08000283   Thumb Code     0  rt_memclr_w.o(.text)
    __rt_memclr_w                            0x08000283   Thumb Code     0  rt_memclr_w.o(.text)
    _memset_w                                0x08000287   Thumb Code    74  rt_memclr_w.o(.text)
    __use_two_region_memory                  0x080002d1   Thumb Code     2  heapauxi.o(.text)
    __rt_heap_escrow$2region                 0x080002d3   Thumb Code     2  heapauxi.o(.text)
    __rt_heap_expand$2region                 0x080002d5   Thumb Code     2  heapauxi.o(.text)
    __cpp_initialize__aeabi_                 0x080002d9   Thumb Code    36  init_aeabi.o(.text)
    __aeabi_memcpy4                          0x08000305   Thumb Code     0  rt_memcpy_w.o(.text)
    __aeabi_memcpy8                          0x08000305   Thumb Code     0  rt_memcpy_w.o(.text)
    __rt_memcpy_w                            0x08000305   Thumb Code   100  rt_memcpy_w.o(.text)
    _memcpy_lastbytes_aligned                0x0800034d   Thumb Code     0  rt_memcpy_w.o(.text)
    __user_setup_stackheap                   0x08000369   Thumb Code    74  sys_stackheap_outer.o(.text)
    exit                                     0x080003b3   Thumb Code    18  exit.o(.text)
    __user_libspace                          0x080003c5   Thumb Code     8  libspace.o(.text)
    __user_perproc_libspace                  0x080003c5   Thumb Code     0  libspace.o(.text)
    __user_perthread_libspace                0x080003c5   Thumb Code     0  libspace.o(.text)
    __I$use$semihosting                      0x080003cd   Thumb Code     0  use_no_semi.o(.text)
    __use_no_semihosting_swi                 0x080003cd   Thumb Code     2  use_no_semi.o(.text)
    __semihosting_library_function           0x080003cf   Thumb Code     0  indicate_semi.o(.text)
    _sys_exit                                0x080003d1   Thumb Code     8  sys_exit.o(.text)
    App_Flight_Init                          0x080003dd   Thumb Code   254  app_flight.o(.text.App_Flight_Init)
    App_Flight_Task                          0x080004dd   Thumb Code   438  app_flight.o(.text.App_Flight_Task)
    App_Task_Init                            0x08000695   Thumb Code    48  app_task.o(.text.App_Task_Init)
    BusFault_Handler                         0x080006c5   Thumb Code     4  stm32f1xx_it.o(.text.BusFault_Handler)
    DMA1_Channel2_IRQHandler                 0x080006c9   Thumb Code    16  stm32f1xx_it.o(.text.DMA1_Channel2_IRQHandler)
    DMA1_Channel3_IRQHandler                 0x080006d9   Thumb Code    16  stm32f1xx_it.o(.text.DMA1_Channel3_IRQHandler)
    DMA1_Channel4_IRQHandler                 0x080006e9   Thumb Code    16  stm32f1xx_it.o(.text.DMA1_Channel4_IRQHandler)
    DMA1_Channel5_IRQHandler                 0x080006f9   Thumb Code    16  stm32f1xx_it.o(.text.DMA1_Channel5_IRQHandler)
    DebugMon_Handler                         0x08000759   Thumb Code     2  stm32f1xx_it.o(.text.DebugMon_Handler)
    DrvUART_RxEventIRQHandler                0x0800075d   Thumb Code    24  drv_uart.o(.text.DrvUART_RxEventIRQHandler)
    Error_Handler                            0x08000775   Thumb Code    14  main.o(.text.Error_Handler)
    HAL_DMA_Abort                            0x08000785   Thumb Code   124  stm32f1xx_hal_dma.o(.text.HAL_DMA_Abort)
    HAL_DMA_Abort_IT                         0x08000801   Thumb Code   284  stm32f1xx_hal_dma.o(.text.HAL_DMA_Abort_IT)
    HAL_DMA_IRQHandler                       0x0800091d   Thumb Code   646  stm32f1xx_hal_dma.o(.text.HAL_DMA_IRQHandler)
    HAL_DMA_Init                             0x08000ba5   Thumb Code   174  stm32f1xx_hal_dma.o(.text.HAL_DMA_Init)
    HAL_DMA_Start_IT                         0x08000c55   Thumb Code   202  stm32f1xx_hal_dma.o(.text.HAL_DMA_Start_IT)
    HAL_Delay                                0x08000d21   Thumb Code    66  stm32f1xx_hal.o(.text.HAL_Delay)
    HAL_GPIO_Init                            0x08000d65   Thumb Code   798  stm32f1xx_hal_gpio.o(.text.HAL_GPIO_Init)
    HAL_GPIO_WritePin                        0x08001085   Thumb Code    46  stm32f1xx_hal_gpio.o(.text.HAL_GPIO_WritePin)
    HAL_GetTick                              0x080010b5   Thumb Code    12  stm32f1xx_hal.o(.text.HAL_GetTick)
    HAL_IncTick                              0x080010c1   Thumb Code    26  stm32f1xx_hal.o(.text.HAL_IncTick)
    HAL_Init                                 0x080010dd   Thumb Code    38  stm32f1xx_hal.o(.text.HAL_Init)
    HAL_InitTick                             0x08001105   Thumb Code   112  stm32f1xx_hal.o(.text.HAL_InitTick)
    HAL_MspInit                              0x08001175   Thumb Code   100  stm32f1xx_hal_msp.o(.text.HAL_MspInit)
    HAL_NVIC_EnableIRQ                       0x080011d9   Thumb Code    20  stm32f1xx_hal_cortex.o(.text.HAL_NVIC_EnableIRQ)
    HAL_NVIC_SetPriority                     0x080011ed   Thumb Code    50  stm32f1xx_hal_cortex.o(.text.HAL_NVIC_SetPriority)
    HAL_NVIC_SetPriorityGrouping             0x08001221   Thumb Code    16  stm32f1xx_hal_cortex.o(.text.HAL_NVIC_SetPriorityGrouping)
    HAL_RCC_ClockConfig                      0x08001231   Thumb Code   598  stm32f1xx_hal_rcc.o(.text.HAL_RCC_ClockConfig)
    HAL_RCC_GetHCLKFreq                      0x08001489   Thumb Code    12  stm32f1xx_hal_rcc.o(.text.HAL_RCC_GetHCLKFreq)
    HAL_RCC_GetPCLK1Freq                     0x08001495   Thumb Code    34  stm32f1xx_hal_rcc.o(.text.HAL_RCC_GetPCLK1Freq)
    HAL_RCC_GetPCLK2Freq                     0x080014b9   Thumb Code    34  stm32f1xx_hal_rcc.o(.text.HAL_RCC_GetPCLK2Freq)
    HAL_RCC_GetSysClockFreq                  0x080014dd   Thumb Code   188  stm32f1xx_hal_rcc.o(.text.HAL_RCC_GetSysClockFreq)
    HAL_RCC_OscConfig                        0x08001599   Thumb Code  1658  stm32f1xx_hal_rcc.o(.text.HAL_RCC_OscConfig)
    HAL_SPI_Init                             0x08001c15   Thumb Code   250  stm32f1xx_hal_spi.o(.text.HAL_SPI_Init)
    HAL_SPI_MspInit                          0x08001d11   Thumb Code   148  spi.o(.text.HAL_SPI_MspInit)
    HAL_SPI_TransmitReceive                  0x08001da5   Thumb Code   930  stm32f1xx_hal_spi.o(.text.HAL_SPI_TransmitReceive)
    HAL_SYSTICK_Config                       0x08002149   Thumb Code    16  stm32f1xx_hal_cortex.o(.text.HAL_SYSTICK_Config)
    HAL_TIMEx_BreakCallback                  0x08002159   Thumb Code     8  stm32f1xx_hal_tim_ex.o(.text.HAL_TIMEx_BreakCallback)
    HAL_TIMEx_CommutCallback                 0x08002161   Thumb Code     8  stm32f1xx_hal_tim_ex.o(.text.HAL_TIMEx_CommutCallback)
    HAL_TIMEx_ConfigBreakDeadTime            0x08002169   Thumb Code   178  stm32f1xx_hal_tim_ex.o(.text.HAL_TIMEx_ConfigBreakDeadTime)
    HAL_TIMEx_MasterConfigSynchronization    0x0800221d   Thumb Code   220  stm32f1xx_hal_tim_ex.o(.text.HAL_TIMEx_MasterConfigSynchronization)
    HAL_TIM_Base_Init                        0x080022f9   Thumb Code   156  stm32f1xx_hal_tim.o(.text.HAL_TIM_Base_Init)
    HAL_TIM_Base_MspInit                     0x08002395   Thumb Code   228  tim.o(.text.HAL_TIM_Base_MspInit)
    HAL_TIM_Base_Start_IT                    0x08002479   Thumb Code   176  stm32f1xx_hal_tim.o(.text.HAL_TIM_Base_Start_IT)
    HAL_TIM_ConfigClockSource                0x08002529   Thumb Code   388  stm32f1xx_hal_tim.o(.text.HAL_TIM_ConfigClockSource)
    HAL_TIM_IC_CaptureCallback               0x080026ad   Thumb Code     8  stm32f1xx_hal_tim.o(.text.HAL_TIM_IC_CaptureCallback)
    HAL_TIM_IRQHandler                       0x080026b5   Thumb Code   538  stm32f1xx_hal_tim.o(.text.HAL_TIM_IRQHandler)
    HAL_TIM_MspPostInit                      0x080028d1   Thumb Code   172  tim.o(.text.HAL_TIM_MspPostInit)
    HAL_TIM_OC_DelayElapsedCallback          0x0800297d   Thumb Code     8  stm32f1xx_hal_tim.o(.text.HAL_TIM_OC_DelayElapsedCallback)
    HAL_TIM_PWM_ConfigChannel                0x08002985   Thumb Code   322  stm32f1xx_hal_tim.o(.text.HAL_TIM_PWM_ConfigChannel)
    HAL_TIM_PWM_Init                         0x08002ac9   Thumb Code   156  stm32f1xx_hal_tim.o(.text.HAL_TIM_PWM_Init)
    HAL_TIM_PWM_MspInit                      0x08002b65   Thumb Code     8  stm32f1xx_hal_tim.o(.text.HAL_TIM_PWM_MspInit)
    HAL_TIM_PWM_PulseFinishedCallback        0x08002b6d   Thumb Code     8  stm32f1xx_hal_tim.o(.text.HAL_TIM_PWM_PulseFinishedCallback)
    HAL_TIM_PWM_Start                        0x08002b75   Thumb Code   352  stm32f1xx_hal_tim.o(.text.HAL_TIM_PWM_Start)
    HAL_TIM_PeriodElapsedCallback            0x08002cd5   Thumb Code   102  app_task.o(.text.HAL_TIM_PeriodElapsedCallback)
    HAL_TIM_TriggerCallback                  0x08002d3d   Thumb Code     8  stm32f1xx_hal_tim.o(.text.HAL_TIM_TriggerCallback)
    HAL_UARTEx_ReceiveToIdle_DMA             0x08002d45   Thumb Code   184  stm32f1xx_hal_uart.o(.text.HAL_UARTEx_ReceiveToIdle_DMA)
    HAL_UARTEx_RxEventCallback               0x08002dfd   Thumb Code    24  app_task.o(.text.HAL_UARTEx_RxEventCallback)
    HAL_UART_ErrorCallback                   0x08002e15   Thumb Code     8  stm32f1xx_hal_uart.o(.text.HAL_UART_ErrorCallback)
    HAL_UART_IRQHandler                      0x08002e1d   Thumb Code  1066  stm32f1xx_hal_uart.o(.text.HAL_UART_IRQHandler)
    HAL_UART_Init                            0x08003249   Thumb Code   158  stm32f1xx_hal_uart.o(.text.HAL_UART_Init)
    HAL_UART_MspInit                         0x080032e9   Thumb Code   642  usart.o(.text.HAL_UART_MspInit)
    HAL_UART_RxCpltCallback                  0x0800356d   Thumb Code     8  stm32f1xx_hal_uart.o(.text.HAL_UART_RxCpltCallback)
    HAL_UART_RxHalfCpltCallback              0x08003575   Thumb Code     8  stm32f1xx_hal_uart.o(.text.HAL_UART_RxHalfCpltCallback)
    HAL_UART_Transmit_DMA                    0x0800357d   Thumb Code   226  stm32f1xx_hal_uart.o(.text.HAL_UART_Transmit_DMA)
    HAL_UART_TxCpltCallback                  0x08003661   Thumb Code     8  stm32f1xx_hal_uart.o(.text.HAL_UART_TxCpltCallback)
    HAL_UART_TxHalfCpltCallback              0x08003669   Thumb Code     8  stm32f1xx_hal_uart.o(.text.HAL_UART_TxHalfCpltCallback)
    HardFault_Handler                        0x08003671   Thumb Code     4  stm32f1xx_it.o(.text.HardFault_Handler)
    MX_DMA_Init                              0x08003675   Thumb Code   112  dma.o(.text.MX_DMA_Init)
    MX_GPIO_Init                             0x080036e5   Thumb Code   154  gpio.o(.text.MX_GPIO_Init)
    MX_SPI1_Init                             0x08003781   Thumb Code    78  spi.o(.text.MX_SPI1_Init)
    MX_TIM1_Init                             0x080037d1   Thumb Code   366  tim.o(.text.MX_TIM1_Init)
    MX_TIM2_Init                             0x08003941   Thumb Code   130  tim.o(.text.MX_TIM2_Init)
    MX_TIM3_Init                             0x080039c5   Thumb Code   220  tim.o(.text.MX_TIM3_Init)
    MX_TIM4_Init                             0x08003aa1   Thumb Code   134  tim.o(.text.MX_TIM4_Init)
    MX_USART1_UART_Init                      0x08003b29   Thumb Code    64  usart.o(.text.MX_USART1_UART_Init)
    MX_USART3_UART_Init                      0x08003b69   Thumb Code    64  usart.o(.text.MX_USART3_UART_Init)
    MemManage_Handler                        0x08003ba9   Thumb Code     4  stm32f1xx_it.o(.text.MemManage_Handler)
    NMI_Handler                              0x08003bad   Thumb Code     4  stm32f1xx_it.o(.text.NMI_Handler)
    PendSV_Handler                           0x08003c1d   Thumb Code     2  stm32f1xx_it.o(.text.PendSV_Handler)
    SVC_Handler                              0x08003df5   Thumb Code     2  stm32f1xx_it.o(.text.SVC_Handler)
    SysTick_Handler                          0x08003e4d   Thumb Code     8  stm32f1xx_it.o(.text.SysTick_Handler)
    SystemClock_Config                       0x08003e55   Thumb Code   108  main.o(.text.SystemClock_Config)
    SystemInit                               0x08003ec1   Thumb Code     2  system_stm32f1xx.o(.text.SystemInit)
    TIM2_IRQHandler                          0x08003ec5   Thumb Code    16  stm32f1xx_it.o(.text.TIM2_IRQHandler)
    TIM_Base_SetConfig                       0x08003ed5   Thumb Code   262  stm32f1xx_hal_tim.o(.text.TIM_Base_SetConfig)
    TIM_CCxChannelCmd                        0x08003fdd   Thumb Code    54  stm32f1xx_hal_tim.o(.text.TIM_CCxChannelCmd)
    TIM_ETR_SetConfig                        0x08004015   Thumb Code    52  stm32f1xx_hal_tim.o(.text.TIM_ETR_SetConfig)
    TIM_OC2_SetConfig                        0x08004145   Thumb Code   216  stm32f1xx_hal_tim.o(.text.TIM_OC2_SetConfig)
    Task_Loop                                0x08004431   Thumb Code   180  app_task.o(.text.Task_Loop)
    UART_Start_Receive_DMA                   0x08004a59   Thumb Code   268  stm32f1xx_hal_uart.o(.text.UART_Start_Receive_DMA)
    USART1_IRQHandler                        0x08004bf9   Thumb Code    16  stm32f1xx_it.o(.text.USART1_IRQHandler)
    USART3_IRQHandler                        0x08004c09   Thumb Code    16  stm32f1xx_it.o(.text.USART3_IRQHandler)
    UsageFault_Handler                       0x08004c19   Thumb Code     4  stm32f1xx_it.o(.text.UsageFault_Handler)
    Delay_ms(unsigned int)                   0x08004c35   Thumb Code    16  drv_delay.o(.text._Z8Delay_msj)
    K230::DecodeFrame(unsigned char const*)  0x08004fa5   Thumb Code   166  dev_k230.o(.text._ZN4K23011DecodeFrameEPKh)
    K230::CalcChecksum(unsigned char const*, unsigned short) 0x0800504d   Thumb Code    74  dev_k230.o(.text._ZN4K23012CalcChecksumEPKht)
    K230::ParseProtocol(unsigned char*, unsigned short) 0x08005099   Thumb Code   238  dev_k230.o(.text._ZN4K23013ParseProtocolEPht)
    K230::K230()                             0x08005189   Thumb Code    66  dev_k230.o(.text._ZN4K230C2Ev)
    K230::K230__sub_object()                 0x08005189   Thumb Code    66  dev_k230.o(.text._ZN4K230C2Ev)
    Vofa::Init(__UART_HandleTypeDef*)        0x080051cd   Thumb Code    20  app_flight.o(.text._ZN4Vofa4InitEP20__UART_HandleTypeDef)
    Vofa::JustFloat(float const*, unsigned char) 0x080051e1   Thumb Code    92  app_flight.o(.text._ZN4Vofa9JustFloatEPKfh)
    Servo::SetFinAngles(float*)              0x0800523d   Thumb Code   128  dev_servo.o(.text._ZN5Servo12SetFinAnglesEPf)
    Servo::ClampAngleDeg(float)              0x080052bd   Thumb Code    70  dev_servo.o(.text._ZN5Servo13ClampAngleDegEf)
    Servo::GetTimerClockHz(TIM_TypeDef*)     0x08005305   Thumb Code   136  dev_servo.o(.text._ZN5Servo15GetTimerClockHzEP11TIM_TypeDef)
    Servo::PulseUsToCompare(TIM_HandleTypeDef*, float) 0x0800538d   Thumb Code   156  dev_servo.o(.text._ZN5Servo16PulseUsToCompareEP17TIM_HandleTypeDeff)
    Servo::AngleDegToPulseUs(float)          0x08005429   Thumb Code    54  dev_servo.o(.text._ZN5Servo17AngleDegToPulseUsEf)
    Servo::Init()                            0x08005461   Thumb Code   114  dev_servo.o(.text._ZN5Servo4InitEv)
    Servo::Servo(TIM_HandleTypeDef*)         0x080054d5   Thumb Code    42  dev_servo.o(.text._ZN5ServoC2EP17TIM_HandleTypeDef)
    Servo::Servo__sub_object(TIM_HandleTypeDef*) 0x080054d5   Thumb Code    42  dev_servo.o(.text._ZN5ServoC2EP17TIM_HandleTypeDef)
    Bmi088::ReadSensor(Bmi088::Data*)        0x08005501   Thumb Code   624  dev_bmi088.o(.text._ZN6Bmi08810ReadSensorEPNS_4DataE)
    Bmi088::ReadGyroRegs(unsigned char, unsigned char*, unsigned short) 0x08005771   Thumb Code    56  dev_bmi088.o(.text._ZN6Bmi08812ReadGyroRegsEhPht)
    Bmi088::WriteGyroReg(unsigned char, unsigned char) 0x080057a9   Thumb Code    46  dev_bmi088.o(.text._ZN6Bmi08812WriteGyroRegEhh)
    Bmi088::ReadAccelRegs(unsigned char, unsigned char*, unsigned short) 0x080057d9   Thumb Code    56  dev_bmi088.o(.text._ZN6Bmi08813ReadAccelRegsEhPht)
    Bmi088::WriteAccelReg(unsigned char, unsigned char) 0x08005811   Thumb Code    46  dev_bmi088.o(.text._ZN6Bmi08813WriteAccelRegEhh)
    Bmi088::ReadTemperature(float*)          0x08005841   Thumb Code   122  dev_bmi088.o(.text._ZN6Bmi08815ReadTemperatureEPf)
    Bmi088::Init()                           0x080058bd   Thumb Code   490  dev_bmi088.o(.text._ZN6Bmi0884InitEv)
    Bmi088::ToInt16(unsigned char, unsigned char) 0x08005aa9   Thumb Code    28  dev_bmi088.o(.text._ZN6Bmi0887ToInt16Ehh)
    Bmi088::Bmi088(__SPI_HandleTypeDef*, GPIO_TypeDef*, unsigned short, GPIO_TypeDef*, unsigned short) 0x08005ac5   Thumb Code    78  dev_bmi088.o(.text._ZN6Bmi088C2EP19__SPI_HandleTypeDefP12GPIO_TypeDeftS3_t)
    Bmi088::Bmi088__sub_object(__SPI_HandleTypeDef*, GPIO_TypeDef*, unsigned short, GPIO_TypeDef*, unsigned short) 0x08005ac5   Thumb Code    78  dev_bmi088.o(.text._ZN6Bmi088C2EP19__SPI_HandleTypeDefP12GPIO_TypeDeftS3_t)
    DrvSPI::ReadRegisters(__SPI_HandleTypeDef*, GPIO_TypeDef*, unsigned short, unsigned char, unsigned char*, unsigned short) 0x08005b15   Thumb Code   266  drv_spi.o(.text._ZN6DrvSPI13ReadRegistersEP19__SPI_HandleTypeDefP12GPIO_TypeDefthPht)
    DrvSPI::WriteRegister(__SPI_HandleTypeDef*, GPIO_TypeDef*, unsigned short, unsigned char, unsigned char) 0x08005c21   Thumb Code   138  drv_spi.o(.text._ZN6DrvSPI13WriteRegisterEP19__SPI_HandleTypeDefP12GPIO_TypeDefthh)
    DrvSPI::TransmitReceive(__SPI_HandleTypeDef*, unsigned char*, unsigned char*, unsigned short, unsigned int) 0x08005cad   Thumb Code    96  drv_spi.o(.text._ZN6DrvSPI15TransmitReceiveEP19__SPI_HandleTypeDefPhS2_tj)
    DrvSPI::ReadRegistersWithDummy(__SPI_HandleTypeDef*, GPIO_TypeDef*, unsigned short, unsigned char, unsigned char*, unsigned short) 0x08005d0d   Thumb Code   270  drv_spi.o(.text._ZN6DrvSPI22ReadRegistersWithDummyEP19__SPI_HandleTypeDefP12GPIO_TypeDefthPht)
    DrvTIM::SetCompare(TIM_HandleTypeDef*, unsigned int, unsigned int) 0x08005e1d   Thumb Code   108  drv_tim.o(.text._ZN6DrvTIM10SetCompareEP17TIM_HandleTypeDefjj)
    DrvTIM::StartPWM(TIM_HandleTypeDef*, unsigned int) 0x08005e89   Thumb Code    30  drv_tim.o(.text._ZN6DrvTIM8StartPWMEP17TIM_HandleTypeDefj)
    Control::SetFinLimit(float)              0x08005ea9   Thumb Code    38  alg_control.o(.text._ZN7Control11SetFinLimitEf)
    Control::ComputeDtSec()                  0x08005ed1   Thumb Code    16  alg_control.o(.text._ZN7Control12ComputeDtSecEv)
    Control::Abs(float)                      0x08005ee1   Thumb Code    40  alg_control.o(.text._ZN7Control3AbsEf)
    Control::Clamp(float, float, float)      0x08005f09   Thumb Code    58  alg_control.o(.text._ZN7Control5ClampEfff)
    Control::Update(float, float, Vector3f const&, Vector3f const&) 0x08005f45   Thumb Code   566  alg_control.o(.text._ZN7Control6UpdateEffRK8Vector3fS2_)
    Control::Control()                       0x0800617d   Thumb Code   112  alg_control.o(.text._ZN7ControlC2Ev)
    Control::Control__sub_object()           0x0800617d   Thumb Code   112  alg_control.o(.text._ZN7ControlC2Ev)
    DrvGPIO::SetPin(GPIO_TypeDef*, unsigned short) 0x080061ed   Thumb Code    26  drv_gpio.o(.text._ZN7DrvGPIO6SetPinEP12GPIO_TypeDeft)
    DrvGPIO::ResetPin(GPIO_TypeDef*, unsigned short) 0x08006209   Thumb Code    26  drv_gpio.o(.text._ZN7DrvGPIO8ResetPinEP12GPIO_TypeDeft)
    DrvUART::HandleRxEvent(__UART_HandleTypeDef*, unsigned short) 0x08006225   Thumb Code   166  drv_uart.o(.text._ZN7DrvUART13HandleRxEventEP20__UART_HandleTypeDeft)
    DrvUART::StartReceive_DMA_Idle(__UART_HandleTypeDef*, unsigned char*, unsigned short) 0x080062cd   Thumb Code   112  drv_uart.o(.text._ZN7DrvUART21StartReceive_DMA_IdleEP20__UART_HandleTypeDefPht)
    DrvUART::RegisterRxEventHandler(DrvUART::RxEventHandler const&) 0x0800633d   Thumb Code   156  drv_uart.o(.text._ZN7DrvUART22RegisterRxEventHandlerERKNS_14RxEventHandlerE)
    TempCtrl::Init()                         0x080063d9   Thumb Code    62  dev_temp_ctrl.o(.text._ZN8TempCtrl4InitEv)
    TempCtrl::Update(float)                  0x08006419   Thumb Code   342  dev_temp_ctrl.o(.text._ZN8TempCtrl6UpdateEf)
    TempCtrl::SetTarget(float)               0x08006571   Thumb Code    16  dev_temp_ctrl.o(.text._ZN8TempCtrl9SetTargetEf)
    TempCtrl::TempCtrl(TIM_HandleTypeDef*, unsigned int, unsigned int) 0x08006581   Thumb Code    56  dev_temp_ctrl.o(.text._ZN8TempCtrlC2EP17TIM_HandleTypeDefjj)
    TempCtrl::TempCtrl__sub_object(TIM_HandleTypeDef*, unsigned int, unsigned int) 0x08006581   Thumb Code    56  dev_temp_ctrl.o(.text._ZN8TempCtrlC2EP17TIM_HandleTypeDefjj)
    K230::HasValidCommand() const            0x080065b9   Thumb Code    16  dev_k230.o(.text._ZNK4K23015HasValidCommandEv)
    K230::GetGuidanceCommand() const         0x080065c9   Thumb Code    24  dev_k230.o(.text._ZNK4K23018GetGuidanceCommandEv)
    Control::Mixer(float, float, float, float*) const 0x080065e1   Thumb Code   378  alg_control.o(.text._ZNK7Control5MixerEfffPf)
    bool std::__2::__math::isfinite[abi:nn190000]<float, 0>(float) 0x0800675d   Thumb Code    24  dev_k230.o(.text._ZNSt3__26__math8isfiniteB8nn190000IfTnNS_9enable_ifIXaasr13is_arithmeticIT_EE5valuesr14numeric_limitsIS3_EE12has_infinityEiE4typeELi0EEEbS3_)
    main                                     0x080068bd   Thumb Code    64  main.o(.text.main)
    __aeabi_fadd                             0x080068fd   Thumb Code     0  faddsub_clz.o(x$fpl$fadd)
    _fadd                                    0x080068fd   Thumb Code   196  faddsub_clz.o(x$fpl$fadd)
    __aeabi_fcmpeq                           0x080069c1   Thumb Code     0  fcmp.o(x$fpl$fcmp)
    _feq                                     0x080069c1   Thumb Code    14  fcmp.o(x$fpl$fcmp)
    _fneq                                    0x080069cf   Thumb Code    14  fcmp.o(x$fpl$fcmp)
    __aeabi_fcmpgt                           0x080069dd   Thumb Code     0  fcmp.o(x$fpl$fcmp)
    _fgr                                     0x080069dd   Thumb Code    14  fcmp.o(x$fpl$fcmp)
    __aeabi_fcmpge                           0x080069eb   Thumb Code     0  fcmp.o(x$fpl$fcmp)
    _fgeq                                    0x080069eb   Thumb Code    14  fcmp.o(x$fpl$fcmp)
    __aeabi_fcmple                           0x080069f9   Thumb Code     0  fcmp.o(x$fpl$fcmp)
    _fleq                                    0x080069f9   Thumb Code    14  fcmp.o(x$fpl$fcmp)
    __aeabi_fcmplt                           0x08006a07   Thumb Code     0  fcmp.o(x$fpl$fcmp)
    _fls                                     0x08006a07   Thumb Code    14  fcmp.o(x$fpl$fcmp)
    __fpl_fcmp_Inf                           0x08006a15   Thumb Code    24  fcmpi.o(x$fpl$fcmpinf)
    __aeabi_fdiv                             0x08006a2d   Thumb Code     0  fdiv.o(x$fpl$fdiv)
    _fdiv                                    0x08006a2d   Thumb Code   384  fdiv.o(x$fpl$fdiv)
    __aeabi_cfcmpeq                          0x08006bb1   Thumb Code     0  feqf.o(x$fpl$feqf)
    _fcmpeq                                  0x08006bb1   Thumb Code   104  feqf.o(x$fpl$feqf)
    __aeabi_f2uiz                            0x08006c19   Thumb Code     0  ffixu.o(x$fpl$ffixu)
    _ffixu                                   0x08006c19   Thumb Code    62  ffixu.o(x$fpl$ffixu)
    __aeabi_i2f                              0x08006c59   Thumb Code     0  fflt_clz.o(x$fpl$fflt)
    _fflt                                    0x08006c59   Thumb Code    48  fflt_clz.o(x$fpl$fflt)
    __aeabi_ui2f                             0x08006c89   Thumb Code     0  fflt_clz.o(x$fpl$ffltu)
    _ffltu                                   0x08006c89   Thumb Code    38  fflt_clz.o(x$fpl$ffltu)
    _fcmpge                                  0x08006cb1   Thumb Code   104  fgeqf.o(x$fpl$fgeqf)
    __aeabi_cfcmple                          0x08006d19   Thumb Code     0  fleqf.o(x$fpl$fleqf)
    _fcmple                                  0x08006d19   Thumb Code   104  fleqf.o(x$fpl$fleqf)
    __fpl_fcmple_InfNaN                      0x08006d6b   Thumb Code     0  fleqf.o(x$fpl$fleqf)
    __aeabi_fmul                             0x08006d81   Thumb Code     0  fmul.o(x$fpl$fmul)
    _fmul                                    0x08006d81   Thumb Code   258  fmul.o(x$fpl$fmul)
    __fpl_fnaninf                            0x08006e83   Thumb Code   140  fnaninf.o(x$fpl$fnaninf)
    __fpl_fretinf                            0x08006f0f   Thumb Code    10  fretinf.o(x$fpl$fretinf)
    __aeabi_fsub                             0x08006f19   Thumb Code     0  faddsub_clz.o(x$fpl$fsub)
    _fsub                                    0x08006f19   Thumb Code   234  faddsub_clz.o(x$fpl$fsub)
    AHBPrescTable                            0x08007002   Data          16  system_stm32f1xx.o(.rodata.AHBPrescTable)
    __I$use$fp                               0x08007002   Number         0  usenofp.o(x$fpl$usenofp)
    APBPrescTable                            0x08007012   Data           8  system_stm32f1xx.o(.rodata.APBPrescTable)
    Region$$Table$$Base                      0x080070b4   Number         0  anon$$obj.o(Region$$Table)
    Region$$Table$$Limit                     0x080070d4   Number         0  anon$$obj.o(Region$$Table)
    SHT$$INIT_ARRAY$$Base                    0x080070d4   Number         0  app_flight.o(.init_array)
    SHT$$INIT_ARRAY$$Limit                   0x080070d8   Number         0  init_aeabi.o(.init_array)
    SystemCoreClock                          0x20000000   Data           4  system_stm32f1xx.o(.data.SystemCoreClock)
    uwTickFreq                               0x20000004   Data           1  stm32f1xx_hal.o(.data.uwTickFreq)
    uwTickPrio                               0x20000008   Data           4  stm32f1xx_hal.o(.data.uwTickPrio)
    __libspace_start                         0x20000010   Data          96  libspace.o(.bss)
    __temporary_stack_top$libspace           0x20000070   Data           0  libspace.o(.bss)
    aaa                                      0x20000115   Data           1  dev_bmi088.o(.bss.aaa)
    g_bmi088                                 0x20000118   Data         100  app_flight.o(.bss.g_bmi088)
    g_control                                0x2000017c   Data          88  app_flight.o(.bss.g_control)
    g_k230                                   0x200001d4   Data          28  app_flight.o(.bss.g_k230)
    g_servo                                  0x200001f0   Data           4  app_flight.o(.bss.g_servo)
    g_temp_ctrl                              0x200001f4   Data          48  app_flight.o(.bss.g_temp_ctrl)
    hdma_usart1_rx                           0x20000224   Data          68  usart.o(.bss.hdma_usart1_rx)
    hdma_usart1_tx                           0x20000268   Data          68  usart.o(.bss.hdma_usart1_tx)
    hdma_usart3_rx                           0x200002ac   Data          68  usart.o(.bss.hdma_usart3_rx)
    hdma_usart3_tx                           0x200002f0   Data          68  usart.o(.bss.hdma_usart3_tx)
    hspi1                                    0x20000334   Data          88  spi.o(.bss.hspi1)
    htim1                                    0x2000038c   Data          72  tim.o(.bss.htim1)
    htim2                                    0x200003d4   Data          72  tim.o(.bss.htim2)
    htim3                                    0x2000041c   Data          72  tim.o(.bss.htim3)
    htim4                                    0x20000464   Data          72  tim.o(.bss.htim4)
    huart1                                   0x200004ac   Data          72  usart.o(.bss.huart1)
    huart3                                   0x200004f4   Data          72  usart.o(.bss.huart3)
    t_ms                                     0x2000053c   Data           4  app_task.o(.bss.t_ms)
    task_10ms_flag                           0x20000540   Data           1  app_task.o(.bss.task_10ms_flag)
    task_20ms_flag                           0x20000541   Data           1  app_task.o(.bss.task_20ms_flag)
    task_overload_count                      0x20000544   Data           4  app_task.o(.bss.task_overload_count)
    uwTick                                   0x20000548   Data           4  stm32f1xx_hal.o(.bss.uwTick)



==============================================================================

Memory Map of the image

  Image Entry point : 0x080000ed

  Load Region LR_IROM1 (Base: 0x08000000, Size: 0x000070e8, Max: 0x00010000, ABSOLUTE)

    Execution Region ER_IROM1 (Exec base: 0x08000000, Load base: 0x08000000, Size: 0x000070d8, Max: 0x00010000, ABSOLUTE)

    Exec Addr    Load Addr    Size         Type   Attr      Idx    E Section Name        Object

    0x08000000   0x08000000   0x000000ec   Data   RO            3    RESET               startup_stm32f103xb.o
    0x080000ec   0x080000ec   0x00000008   Code   RO         1470  * !!!main             c_w.l(__main.o)
    0x080000f4   0x080000f4   0x0000005c   Code   RO         1684    !!!scatter          c_w.l(__scatter.o)
    0x08000150   0x08000150   0x0000001a   Code   RO         1688    !!handler_copy      c_w.l(__scatter_copy.o)
    0x0800016a   0x0800016a   0x00000002   PAD
    0x0800016c   0x0800016c   0x00000002   Code   RO         1685    !!handler_null      c_w.l(__scatter.o)
    0x0800016e   0x0800016e   0x00000002   PAD
    0x08000170   0x08000170   0x0000001c   Code   RO         1690    !!handler_zi        c_w.l(__scatter_zi.o)
    0x0800018c   0x0800018c   0x00000002   Code   RO         1601    .ARM.Collect$$libinit$$00000000  c_w.l(libinit.o)
    0x0800018e   0x0800018e   0x00000000   Code   RO         1506    .ARM.Collect$$libinit$$00000002  c_w.l(libinit2.o)
    0x0800018e   0x0800018e   0x00000000   Code   RO         1508    .ARM.Collect$$libinit$$00000004  c_w.l(libinit2.o)
    0x0800018e   0x0800018e   0x00000000   Code   RO         1510    .ARM.Collect$$libinit$$00000006  c_w.l(libinit2.o)
    0x0800018e   0x0800018e   0x00000000   Code   RO         1513    .ARM.Collect$$libinit$$0000000C  c_w.l(libinit2.o)
    0x0800018e   0x0800018e   0x00000000   Code   RO         1515    .ARM.Collect$$libinit$$0000000E  c_w.l(libinit2.o)
    0x0800018e   0x0800018e   0x00000000   Code   RO         1517    .ARM.Collect$$libinit$$00000010  c_w.l(libinit2.o)
    0x0800018e   0x0800018e   0x00000000   Code   RO         1520    .ARM.Collect$$libinit$$00000013  c_w.l(libinit2.o)
    0x0800018e   0x0800018e   0x00000000   Code   RO         1522    .ARM.Collect$$libinit$$00000015  c_w.l(libinit2.o)
    0x0800018e   0x0800018e   0x00000000   Code   RO         1524    .ARM.Collect$$libinit$$00000017  c_w.l(libinit2.o)
    0x0800018e   0x0800018e   0x00000000   Code   RO         1526    .ARM.Collect$$libinit$$00000019  c_w.l(libinit2.o)
    0x0800018e   0x0800018e   0x00000000   Code   RO         1528    .ARM.Collect$$libinit$$0000001B  c_w.l(libinit2.o)
    0x0800018e   0x0800018e   0x00000000   Code   RO         1530    .ARM.Collect$$libinit$$0000001D  c_w.l(libinit2.o)
    0x0800018e   0x0800018e   0x00000000   Code   RO         1532    .ARM.Collect$$libinit$$0000001F  c_w.l(libinit2.o)
    0x0800018e   0x0800018e   0x00000000   Code   RO         1534    .ARM.Collect$$libinit$$00000021  c_w.l(libinit2.o)
    0x0800018e   0x0800018e   0x00000000   Code   RO         1536    .ARM.Collect$$libinit$$00000023  c_w.l(libinit2.o)
    0x0800018e   0x0800018e   0x00000000   Code   RO         1538    .ARM.Collect$$libinit$$00000025  c_w.l(libinit2.o)
    0x0800018e   0x0800018e   0x00000000   Code   RO         1540    .ARM.Collect$$libinit$$00000027  c_w.l(libinit2.o)
    0x0800018e   0x0800018e   0x00000000   Code   RO         1544    .ARM.Collect$$libinit$$0000002E  c_w.l(libinit2.o)
    0x0800018e   0x0800018e   0x00000000   Code   RO         1546    .ARM.Collect$$libinit$$00000030  c_w.l(libinit2.o)
    0x0800018e   0x0800018e   0x00000000   Code   RO         1548    .ARM.Collect$$libinit$$00000032  c_w.l(libinit2.o)
    0x0800018e   0x0800018e   0x00000004   Code   RO         1549    .ARM.Collect$$libinit$$00000033  c_w.l(libinit2.o)
    0x08000192   0x08000192   0x00000000   Code   RO         1550    .ARM.Collect$$libinit$$00000034  c_w.l(libinit2.o)
    0x08000192   0x08000192   0x00000002   Code   RO         1551    .ARM.Collect$$libinit$$00000035  c_w.l(libinit2.o)
    0x08000194   0x08000194   0x00000002   Code   RO         1643    .ARM.Collect$$libshutdown$$00000000  c_w.l(libshutdown.o)
    0x08000196   0x08000196   0x00000000   Code   RO         1651    .ARM.Collect$$libshutdown$$00000002  c_w.l(libshutdown2.o)
    0x08000196   0x08000196   0x00000000   Code   RO         1653    .ARM.Collect$$libshutdown$$00000004  c_w.l(libshutdown2.o)
    0x08000196   0x08000196   0x00000000   Code   RO         1656    .ARM.Collect$$libshutdown$$00000007  c_w.l(libshutdown2.o)
    0x08000196   0x08000196   0x00000000   Code   RO         1659    .ARM.Collect$$libshutdown$$0000000A  c_w.l(libshutdown2.o)
    0x08000196   0x08000196   0x00000000   Code   RO         1661    .ARM.Collect$$libshutdown$$0000000C  c_w.l(libshutdown2.o)
    0x08000196   0x08000196   0x00000000   Code   RO         1664    .ARM.Collect$$libshutdown$$0000000F  c_w.l(libshutdown2.o)
    0x08000196   0x08000196   0x00000002   Code   RO         1665    .ARM.Collect$$libshutdown$$00000010  c_w.l(libshutdown2.o)
    0x08000198   0x08000198   0x00000000   Code   RO         1502    .ARM.Collect$$rtentry$$00000000  c_w.l(__rtentry.o)
    0x08000198   0x08000198   0x00000000   Code   RO         1568    .ARM.Collect$$rtentry$$00000002  c_w.l(__rtentry2.o)
    0x08000198   0x08000198   0x00000006   Code   RO         1580    .ARM.Collect$$rtentry$$00000004  c_w.l(__rtentry4.o)
    0x0800019e   0x0800019e   0x00000000   Code   RO         1570    .ARM.Collect$$rtentry$$00000009  c_w.l(__rtentry2.o)
    0x0800019e   0x0800019e   0x00000004   Code   RO         1571    .ARM.Collect$$rtentry$$0000000A  c_w.l(__rtentry2.o)
    0x080001a2   0x080001a2   0x00000000   Code   RO         1573    .ARM.Collect$$rtentry$$0000000C  c_w.l(__rtentry2.o)
    0x080001a2   0x080001a2   0x00000008   Code   RO         1574    .ARM.Collect$$rtentry$$0000000D  c_w.l(__rtentry2.o)
    0x080001aa   0x080001aa   0x00000002   Code   RO         1609    .ARM.Collect$$rtexit$$00000000  c_w.l(rtexit.o)
    0x080001ac   0x080001ac   0x00000000   Code   RO         1621    .ARM.Collect$$rtexit$$00000002  c_w.l(rtexit2.o)
    0x080001ac   0x080001ac   0x00000004   Code   RO         1622    .ARM.Collect$$rtexit$$00000003  c_w.l(rtexit2.o)
    0x080001b0   0x080001b0   0x00000006   Code   RO         1623    .ARM.Collect$$rtexit$$00000004  c_w.l(rtexit2.o)
    0x080001b6   0x080001b6   0x00000002   PAD
    0x080001b8   0x080001b8   0x00000040   Code   RO            4    .text               startup_stm32f103xb.o
    0x080001f8   0x080001f8   0x0000008a   Code   RO         1464    .text               c_w.l(rt_memcpy_v6.o)
    0x08000282   0x08000282   0x0000004e   Code   RO         1466    .text               c_w.l(rt_memclr_w.o)
    0x080002d0   0x080002d0   0x00000006   Code   RO         1468    .text               c_w.l(heapauxi.o)
    0x080002d6   0x080002d6   0x00000002   PAD
    0x080002d8   0x080002d8   0x0000002c   Code   RO         1475    .text               c_w.l(init_aeabi.o)
    0x08000304   0x08000304   0x00000064   Code   RO         1503    .text               c_w.l(rt_memcpy_w.o)
    0x08000368   0x08000368   0x0000004a   Code   RO         1588    .text               c_w.l(sys_stackheap_outer.o)
    0x080003b2   0x080003b2   0x00000012   Code   RO         1590    .text               c_w.l(exit.o)
    0x080003c4   0x080003c4   0x00000008   Code   RO         1606    .text               c_w.l(libspace.o)
    0x080003cc   0x080003cc   0x00000002   Code   RO         1617    .text               c_w.l(use_no_semi.o)
    0x080003ce   0x080003ce   0x00000000   Code   RO         1619    .text               c_w.l(indicate_semi.o)
    0x080003ce   0x080003ce   0x00000002   PAD
    0x080003d0   0x080003d0   0x0000000c   Code   RO         1633    .text               c_w.l(sys_exit.o)
    0x080003dc   0x080003dc   0x000000fe   Code   RO         1185    .text.App_Flight_Init  app_flight.o
    0x080004da   0x080004da   0x00000002   PAD
    0x080004dc   0x080004dc   0x000001b6   Code   RO         1189    .text.App_Flight_Task  app_flight.o
    0x08000692   0x08000692   0x00000002   PAD
    0x08000694   0x08000694   0x00000030   Code   RO         1240    .text.App_Task_Init  app_task.o
    0x080006c4   0x080006c4   0x00000004   Code   RO          107    .text.BusFault_Handler  stm32f1xx_it.o
    0x080006c8   0x080006c8   0x00000010   Code   RO          119    .text.DMA1_Channel2_IRQHandler  stm32f1xx_it.o
    0x080006d8   0x080006d8   0x00000010   Code   RO          121    .text.DMA1_Channel3_IRQHandler  stm32f1xx_it.o
    0x080006e8   0x080006e8   0x00000010   Code   RO          123    .text.DMA1_Channel4_IRQHandler  stm32f1xx_it.o
    0x080006f8   0x080006f8   0x00000010   Code   RO          125    .text.DMA1_Channel5_IRQHandler  stm32f1xx_it.o
    0x08000708   0x08000708   0x00000050   Code   RO          421    .text.DMA_SetConfig  stm32f1xx_hal_dma.o
    0x08000758   0x08000758   0x00000002   Code   RO          113    .text.DebugMon_Handler  stm32f1xx_it.o
    0x0800075a   0x0800075a   0x00000002   PAD
    0x0800075c   0x0800075c   0x00000018   Code   RO         1443    .text.DrvUART_RxEventIRQHandler  drv_uart.o
    0x08000774   0x08000774   0x0000000e   Code   RO           15    .text.Error_Handler  main.o
    0x08000782   0x08000782   0x00000002   PAD
    0x08000784   0x08000784   0x0000007c   Code   RO          425    .text.HAL_DMA_Abort  stm32f1xx_hal_dma.o
    0x08000800   0x08000800   0x0000011c   Code   RO          427    .text.HAL_DMA_Abort_IT  stm32f1xx_hal_dma.o
    0x0800091c   0x0800091c   0x00000286   Code   RO          431    .text.HAL_DMA_IRQHandler  stm32f1xx_hal_dma.o
    0x08000ba2   0x08000ba2   0x00000002   PAD
    0x08000ba4   0x08000ba4   0x000000ae   Code   RO          415    .text.HAL_DMA_Init  stm32f1xx_hal_dma.o
    0x08000c52   0x08000c52   0x00000002   PAD
    0x08000c54   0x08000c54   0x000000ca   Code   RO          423    .text.HAL_DMA_Start_IT  stm32f1xx_hal_dma.o
    0x08000d1e   0x08000d1e   0x00000002   PAD
    0x08000d20   0x08000d20   0x00000042   Code   RO          298    .text.HAL_Delay     stm32f1xx_hal.o
    0x08000d62   0x08000d62   0x00000002   PAD
    0x08000d64   0x08000d64   0x0000031e   Code   RO          392    .text.HAL_GPIO_Init  stm32f1xx_hal_gpio.o
    0x08001082   0x08001082   0x00000002   PAD
    0x08001084   0x08001084   0x0000002e   Code   RO          398    .text.HAL_GPIO_WritePin  stm32f1xx_hal_gpio.o
    0x080010b2   0x080010b2   0x00000002   PAD
    0x080010b4   0x080010b4   0x0000000c   Code   RO          290    .text.HAL_GetTick   stm32f1xx_hal.o
    0x080010c0   0x080010c0   0x0000001a   Code   RO          288    .text.HAL_IncTick   stm32f1xx_hal.o
    0x080010da   0x080010da   0x00000002   PAD
    0x080010dc   0x080010dc   0x00000026   Code   RO          278    .text.HAL_Init      stm32f1xx_hal.o
    0x08001102   0x08001102   0x00000002   PAD
    0x08001104   0x08001104   0x00000070   Code   RO          280    .text.HAL_InitTick  stm32f1xx_hal.o
    0x08001174   0x08001174   0x00000064   Code   RO          140    .text.HAL_MspInit   stm32f1xx_hal_msp.o
    0x080011d8   0x080011d8   0x00000014   Code   RO          460    .text.HAL_NVIC_EnableIRQ  stm32f1xx_hal_cortex.o
    0x080011ec   0x080011ec   0x00000032   Code   RO          452    .text.HAL_NVIC_SetPriority  stm32f1xx_hal_cortex.o
    0x0800121e   0x0800121e   0x00000002   PAD
    0x08001220   0x08001220   0x00000010   Code   RO          448    .text.HAL_NVIC_SetPriorityGrouping  stm32f1xx_hal_cortex.o
    0x08001230   0x08001230   0x00000256   Code   RO          344    .text.HAL_RCC_ClockConfig  stm32f1xx_hal_rcc.o
    0x08001486   0x08001486   0x00000002   PAD
    0x08001488   0x08001488   0x0000000c   Code   RO          354    .text.HAL_RCC_GetHCLKFreq  stm32f1xx_hal_rcc.o
    0x08001494   0x08001494   0x00000022   Code   RO          356    .text.HAL_RCC_GetPCLK1Freq  stm32f1xx_hal_rcc.o
    0x080014b6   0x080014b6   0x00000002   PAD
    0x080014b8   0x080014b8   0x00000022   Code   RO          358    .text.HAL_RCC_GetPCLK2Freq  stm32f1xx_hal_rcc.o
    0x080014da   0x080014da   0x00000002   PAD
    0x080014dc   0x080014dc   0x000000bc   Code   RO          346    .text.HAL_RCC_GetSysClockFreq  stm32f1xx_hal_rcc.o
    0x08001598   0x08001598   0x0000067a   Code   RO          340    .text.HAL_RCC_OscConfig  stm32f1xx_hal_rcc.o
    0x08001c12   0x08001c12   0x00000002   PAD
    0x08001c14   0x08001c14   0x000000fa   Code   RO          161    .text.HAL_SPI_Init  stm32f1xx_hal_spi.o
    0x08001d0e   0x08001d0e   0x00000002   PAD
    0x08001d10   0x08001d10   0x00000094   Code   RO           43    .text.HAL_SPI_MspInit  spi.o
    0x08001da4   0x08001da4   0x000003a2   Code   RO          175    .text.HAL_SPI_TransmitReceive  stm32f1xx_hal_spi.o
    0x08002146   0x08002146   0x00000002   PAD
    0x08002148   0x08002148   0x00000010   Code   RO          472    .text.HAL_SYSTICK_Config  stm32f1xx_hal_cortex.o
    0x08002158   0x08002158   0x00000008   Code   RO          979    .text.HAL_TIMEx_BreakCallback  stm32f1xx_hal_tim_ex.o
    0x08002160   0x08002160   0x00000008   Code   RO          975    .text.HAL_TIMEx_CommutCallback  stm32f1xx_hal_tim_ex.o
    0x08002168   0x08002168   0x000000b2   Code   RO          971    .text.HAL_TIMEx_ConfigBreakDeadTime  stm32f1xx_hal_tim_ex.o
    0x0800221a   0x0800221a   0x00000002   PAD
    0x0800221c   0x0800221c   0x000000dc   Code   RO          969    .text.HAL_TIMEx_MasterConfigSynchronization  stm32f1xx_hal_tim_ex.o
    0x080022f8   0x080022f8   0x0000009c   Code   RO          656    .text.HAL_TIM_Base_Init  stm32f1xx_hal_tim.o
    0x08002394   0x08002394   0x000000e4   Code   RO           65    .text.HAL_TIM_Base_MspInit  tim.o
    0x08002478   0x08002478   0x000000b0   Code   RO          670    .text.HAL_TIM_Base_Start_IT  stm32f1xx_hal_tim.o
    0x08002528   0x08002528   0x00000184   Code   RO          848    .text.HAL_TIM_ConfigClockSource  stm32f1xx_hal_tim.o
    0x080026ac   0x080026ac   0x00000008   Code   RO          792    .text.HAL_TIM_IC_CaptureCallback  stm32f1xx_hal_tim.o
    0x080026b4   0x080026b4   0x0000021a   Code   RO          790    .text.HAL_TIM_IRQHandler  stm32f1xx_hal_tim.o
    0x080028ce   0x080028ce   0x00000002   PAD
    0x080028d0   0x080028d0   0x000000ac   Code   RO           57    .text.HAL_TIM_MspPostInit  tim.o
    0x0800297c   0x0800297c   0x00000008   Code   RO          794    .text.HAL_TIM_OC_DelayElapsedCallback  stm32f1xx_hal_tim.o
    0x08002984   0x08002984   0x00000142   Code   RO          822    .text.HAL_TIM_PWM_ConfigChannel  stm32f1xx_hal_tim.o
    0x08002ac6   0x08002ac6   0x00000002   PAD
    0x08002ac8   0x08002ac8   0x0000009c   Code   RO          710    .text.HAL_TIM_PWM_Init  stm32f1xx_hal_tim.o
    0x08002b64   0x08002b64   0x00000008   Code   RO          712    .text.HAL_TIM_PWM_MspInit  stm32f1xx_hal_tim.o
    0x08002b6c   0x08002b6c   0x00000008   Code   RO          796    .text.HAL_TIM_PWM_PulseFinishedCallback  stm32f1xx_hal_tim.o
    0x08002b74   0x08002b74   0x00000160   Code   RO          718    .text.HAL_TIM_PWM_Start  stm32f1xx_hal_tim.o
    0x08002cd4   0x08002cd4   0x00000066   Code   RO         1236    .text.HAL_TIM_PeriodElapsedCallback  app_task.o
    0x08002d3a   0x08002d3a   0x00000002   PAD
    0x08002d3c   0x08002d3c   0x00000008   Code   RO          800    .text.HAL_TIM_TriggerCallback  stm32f1xx_hal_tim.o
    0x08002d44   0x08002d44   0x000000b8   Code   RO         1046    .text.HAL_UARTEx_ReceiveToIdle_DMA  stm32f1xx_hal_uart.o
    0x08002dfc   0x08002dfc   0x00000018   Code   RO         1238    .text.HAL_UARTEx_RxEventCallback  app_task.o
    0x08002e14   0x08002e14   0x00000008   Code   RO         1082    .text.HAL_UART_ErrorCallback  stm32f1xx_hal_uart.o
    0x08002e1c   0x08002e1c   0x0000042a   Code   RO         1076    .text.HAL_UART_IRQHandler  stm32f1xx_hal_uart.o
    0x08003246   0x08003246   0x00000002   PAD
    0x08003248   0x08003248   0x0000009e   Code   RO          992    .text.HAL_UART_Init  stm32f1xx_hal_uart.o
    0x080032e6   0x080032e6   0x00000002   PAD
    0x080032e8   0x080032e8   0x00000282   Code   RO           84    .text.HAL_UART_MspInit  usart.o
    0x0800356a   0x0800356a   0x00000002   PAD
    0x0800356c   0x0800356c   0x00000008   Code   RO         1094    .text.HAL_UART_RxCpltCallback  stm32f1xx_hal_uart.o
    0x08003574   0x08003574   0x00000008   Code   RO         1096    .text.HAL_UART_RxHalfCpltCallback  stm32f1xx_hal_uart.o
    0x0800357c   0x0800357c   0x000000e2   Code   RO         1020    .text.HAL_UART_Transmit_DMA  stm32f1xx_hal_uart.o
    0x0800365e   0x0800365e   0x00000002   PAD
    0x08003660   0x08003660   0x00000008   Code   RO         1090    .text.HAL_UART_TxCpltCallback  stm32f1xx_hal_uart.o
    0x08003668   0x08003668   0x00000008   Code   RO         1092    .text.HAL_UART_TxHalfCpltCallback  stm32f1xx_hal_uart.o
    0x08003670   0x08003670   0x00000004   Code   RO          103    .text.HardFault_Handler  stm32f1xx_it.o
    0x08003674   0x08003674   0x00000070   Code   RO           33    .text.MX_DMA_Init   dma.o
    0x080036e4   0x080036e4   0x0000009a   Code   RO           25    .text.MX_GPIO_Init  gpio.o
    0x0800377e   0x0800377e   0x00000002   PAD
    0x08003780   0x08003780   0x0000004e   Code   RO           41    .text.MX_SPI1_Init  spi.o
    0x080037ce   0x080037ce   0x00000002   PAD
    0x080037d0   0x080037d0   0x0000016e   Code   RO           55    .text.MX_TIM1_Init  tim.o
    0x0800393e   0x0800393e   0x00000002   PAD
    0x08003940   0x08003940   0x00000082   Code   RO           59    .text.MX_TIM2_Init  tim.o
    0x080039c2   0x080039c2   0x00000002   PAD
    0x080039c4   0x080039c4   0x000000dc   Code   RO           61    .text.MX_TIM3_Init  tim.o
    0x08003aa0   0x08003aa0   0x00000086   Code   RO           63    .text.MX_TIM4_Init  tim.o
    0x08003b26   0x08003b26   0x00000002   PAD
    0x08003b28   0x08003b28   0x00000040   Code   RO           80    .text.MX_USART1_UART_Init  usart.o
    0x08003b68   0x08003b68   0x00000040   Code   RO           82    .text.MX_USART3_UART_Init  usart.o
    0x08003ba8   0x08003ba8   0x00000004   Code   RO          105    .text.MemManage_Handler  stm32f1xx_it.o
    0x08003bac   0x08003bac   0x00000004   Code   RO          101    .text.NMI_Handler   stm32f1xx_it.o
    0x08003bb0   0x08003bb0   0x0000006c   Code   RO          458    .text.NVIC_EncodePriority  stm32f1xx_hal_cortex.o
    0x08003c1c   0x08003c1c   0x00000002   Code   RO          115    .text.PendSV_Handler  stm32f1xx_it.o
    0x08003c1e   0x08003c1e   0x00000002   PAD
    0x08003c20   0x08003c20   0x0000003a   Code   RO          342    .text.RCC_Delay     stm32f1xx_hal_rcc.o
    0x08003c5a   0x08003c5a   0x00000002   PAD
    0x08003c5c   0x08003c5c   0x0000006a   Code   RO          171    .text.SPI_EndRxTxTransaction  stm32f1xx_hal_spi.o
    0x08003cc6   0x08003cc6   0x00000002   PAD
    0x08003cc8   0x08003cc8   0x0000012a   Code   RO          269    .text.SPI_WaitFlagStateUntilTimeout  stm32f1xx_hal_spi.o
    0x08003df2   0x08003df2   0x00000002   PAD
    0x08003df4   0x08003df4   0x00000002   Code   RO          111    .text.SVC_Handler   stm32f1xx_it.o
    0x08003df6   0x08003df6   0x00000002   PAD
    0x08003df8   0x08003df8   0x00000052   Code   RO          474    .text.SysTick_Config  stm32f1xx_hal_cortex.o
    0x08003e4a   0x08003e4a   0x00000002   PAD
    0x08003e4c   0x08003e4c   0x00000008   Code   RO          117    .text.SysTick_Handler  stm32f1xx_it.o
    0x08003e54   0x08003e54   0x0000006c   Code   RO           13    .text.SystemClock_Config  main.o
    0x08003ec0   0x08003ec0   0x00000002   Code   RO         1123    .text.SystemInit    system_stm32f1xx.o
    0x08003ec2   0x08003ec2   0x00000002   PAD
    0x08003ec4   0x08003ec4   0x00000010   Code   RO          127    .text.TIM2_IRQHandler  stm32f1xx_it.o
    0x08003ed4   0x08003ed4   0x00000106   Code   RO          660    .text.TIM_Base_SetConfig  stm32f1xx_hal_tim.o
    0x08003fda   0x08003fda   0x00000002   PAD
    0x08003fdc   0x08003fdc   0x00000036   Code   RO          694    .text.TIM_CCxChannelCmd  stm32f1xx_hal_tim.o
    0x08004012   0x08004012   0x00000002   PAD
    0x08004014   0x08004014   0x00000034   Code   RO          846    .text.TIM_ETR_SetConfig  stm32f1xx_hal_tim.o
    0x08004048   0x08004048   0x0000002a   Code   RO          852    .text.TIM_ITRx_SetConfig  stm32f1xx_hal_tim.o
    0x08004072   0x08004072   0x00000002   PAD
    0x08004074   0x08004074   0x000000ce   Code   RO          804    .text.TIM_OC1_SetConfig  stm32f1xx_hal_tim.o
    0x08004142   0x08004142   0x00000002   PAD
    0x08004144   0x08004144   0x000000d8   Code   RO          806    .text.TIM_OC2_SetConfig  stm32f1xx_hal_tim.o
    0x0800421c   0x0800421c   0x000000d6   Code   RO          808    .text.TIM_OC3_SetConfig  stm32f1xx_hal_tim.o
    0x080042f2   0x080042f2   0x00000002   PAD
    0x080042f4   0x080042f4   0x00000096   Code   RO          810    .text.TIM_OC4_SetConfig  stm32f1xx_hal_tim.o
    0x0800438a   0x0800438a   0x00000002   PAD
    0x0800438c   0x0800438c   0x00000050   Code   RO          850    .text.TIM_TI1_ConfigInputStage  stm32f1xx_hal_tim.o
    0x080043dc   0x080043dc   0x00000052   Code   RO          854    .text.TIM_TI2_ConfigInputStage  stm32f1xx_hal_tim.o
    0x0800442e   0x0800442e   0x00000002   PAD
    0x08004430   0x08004430   0x000000b4   Code   RO         1242    .text.Task_Loop     app_task.o
    0x080044e4   0x080044e4   0x00000020   Code   RO         1080    .text.UART_DMAAbortOnError  stm32f1xx_hal_uart.o
    0x08004504   0x08004504   0x0000007c   Code   RO         1026    .text.UART_DMAError  stm32f1xx_hal_uart.o
    0x08004580   0x08004580   0x000000f4   Code   RO         1112    .text.UART_DMAReceiveCplt  stm32f1xx_hal_uart.o
    0x08004674   0x08004674   0x00000034   Code   RO         1114    .text.UART_DMARxHalfCplt  stm32f1xx_hal_uart.o
    0x080046a8   0x080046a8   0x0000007a   Code   RO         1022    .text.UART_DMATransmitCplt  stm32f1xx_hal_uart.o
    0x08004722   0x08004722   0x00000002   PAD
    0x08004724   0x08004724   0x00000016   Code   RO         1024    .text.UART_DMATxHalfCplt  stm32f1xx_hal_uart.o
    0x0800473a   0x0800473a   0x00000002   PAD
    0x0800473c   0x0800473c   0x00000094   Code   RO         1040    .text.UART_EndRxTransfer  stm32f1xx_hal_uart.o
    0x080047d0   0x080047d0   0x00000026   Code   RO         1088    .text.UART_EndTransmit_IT  stm32f1xx_hal_uart.o
    0x080047f6   0x080047f6   0x00000002   PAD
    0x080047f8   0x080047f8   0x00000036   Code   RO         1038    .text.UART_EndTxTransfer  stm32f1xx_hal_uart.o
    0x0800482e   0x0800482e   0x00000002   PAD
    0x08004830   0x08004830   0x0000016a   Code   RO         1078    .text.UART_Receive_IT  stm32f1xx_hal_uart.o
    0x0800499a   0x0800499a   0x00000002   PAD
    0x0800499c   0x0800499c   0x000000ba   Code   RO          996    .text.UART_SetConfig  stm32f1xx_hal_uart.o
    0x08004a56   0x08004a56   0x00000002   PAD
    0x08004a58   0x08004a58   0x0000010c   Code   RO         1030    .text.UART_Start_Receive_DMA  stm32f1xx_hal_uart.o
    0x08004b64   0x08004b64   0x00000094   Code   RO         1086    .text.UART_Transmit_IT  stm32f1xx_hal_uart.o
    0x08004bf8   0x08004bf8   0x00000010   Code   RO          129    .text.USART1_IRQHandler  stm32f1xx_it.o
    0x08004c08   0x08004c08   0x00000010   Code   RO          131    .text.USART3_IRQHandler  stm32f1xx_it.o
    0x08004c18   0x08004c18   0x00000004   Code   RO          109    .text.UsageFault_Handler  stm32f1xx_it.o
    0x08004c1c   0x08004c1c   0x00000018   Code   RO         1209    .text._GLOBAL__sub_I_app_flight.cpp  app_flight.o
    0x08004c34   0x08004c34   0x00000010   Code   RO         1373    .text._Z8Delay_msj  drv_delay.o
    0x08004c44   0x08004c44   0x0000002a   Code   RO         1205    .text._ZN12_GLOBAL__N_110AlgControl5MixerEfffPf  app_flight.o
    0x08004c6e   0x08004c6e   0x00000002   PAD
    0x08004c70   0x08004c70   0x00000032   Code   RO         1203    .text._ZN12_GLOBAL__N_110AlgControl6UpdateEffRK8Vector3fS3_  app_flight.o
    0x08004ca2   0x08004ca2   0x00000002   PAD
    0x08004ca4   0x08004ca4   0x0000006e   Code   RO         1187    .text._ZN12_GLOBAL__N_110InitK230RxEv  app_flight.o
    0x08004d12   0x08004d12   0x00000002   PAD
    0x08004d14   0x08004d14   0x0000004a   Code   RO         1199    .text._ZN12_GLOBAL__N_113IsFiniteFloatEf  app_flight.o
    0x08004d5e   0x08004d5e   0x00000002   PAD
    0x08004d60   0x08004d60   0x00000060   Code   RO         1207    .text._ZN12_GLOBAL__N_114K230RxCallbackEP20__UART_HandleTypeDefPhtPv  app_flight.o
    0x08004dc0   0x08004dc0   0x00000056   Code   RO         1431    .text._ZN12_GLOBAL__N_116FindHandlerIndexEP20__UART_HandleTypeDef  drv_uart.o
    0x08004e16   0x08004e16   0x00000002   PAD
    0x08004e18   0x08004e18   0x00000050   Code   RO         1437    .text._ZN12_GLOBAL__N_120FindFreeHandlerIndexEv  drv_uart.o
    0x08004e68   0x08004e68   0x00000026   Code   RO         1429    .text._ZN12_GLOBAL__N_122DisableDmaHalfTransferEP20__UART_HandleTypeDef  drv_uart.o
    0x08004e8e   0x08004e8e   0x00000002   PAD
    0x08004e90   0x08004e90   0x0000003a   Code   RO         1201    .text._ZN12_GLOBAL__N_15ClampEfff  app_flight.o
    0x08004eca   0x08004eca   0x00000002   PAD
    0x08004ecc   0x08004ecc   0x00000010   Code   RO         1197    .text._ZN12_GLOBAL__N_17DevK23010GetCommandEv  app_flight.o
    0x08004edc   0x08004edc   0x00000002   Code   RO         1246    .text._ZN12_GLOBAL__N_17DevK2306UpdateEv  app_task.o
    0x08004ede   0x08004ede   0x00000002   PAD
    0x08004ee0   0x08004ee0   0x00000042   Code   RO         1195    .text._ZN12_GLOBAL__N_17DevK2308IsOnlineEj  app_flight.o
    0x08004f22   0x08004f22   0x00000002   PAD
    0x08004f24   0x08004f24   0x00000018   Code   RO         1193    .text._ZN12_GLOBAL__N_18DevServo12SetFinAnglesEPf  app_flight.o
    0x08004f3c   0x08004f3c   0x00000008   Code   RO         1244    .text._ZN12_GLOBAL__N_19AppFlight11ControlLoopEv  app_task.o
    0x08004f44   0x08004f44   0x00000060   Code   RO         1191    .text._ZN12_GLOBAL__N_19DevBmi0884ReadER8Vector3fS2_  app_flight.o
    0x08004fa4   0x08004fa4   0x000000a6   Code   RO         1294    .text._ZN4K23011DecodeFrameEPKh  dev_k230.o
    0x0800504a   0x0800504a   0x00000002   PAD
    0x0800504c   0x0800504c   0x0000004a   Code   RO         1300    .text._ZN4K23012CalcChecksumEPKht  dev_k230.o
    0x08005096   0x08005096   0x00000002   PAD
    0x08005098   0x08005098   0x000000ee   Code   RO         1292    .text._ZN4K23013ParseProtocolEPht  dev_k230.o
    0x08005186   0x08005186   0x00000002   PAD
    0x08005188   0x08005188   0x00000042   Code   RO         1286    .text._ZN4K230C2Ev  dev_k230.o
    0x080051ca   0x080051ca   0x00000002   PAD
    0x080051cc   0x080051cc   0x00000014   Code   RO         1231    .text._ZN4Vofa4InitEP20__UART_HandleTypeDef  app_flight.o
    0x080051e0   0x080051e0   0x0000005c   Code   RO         1233    .text._ZN4Vofa9JustFloatEPKfh  app_flight.o
    0x0800523c   0x0800523c   0x00000080   Code   RO         1315    .text._ZN5Servo12SetFinAnglesEPf  dev_servo.o
    0x080052bc   0x080052bc   0x00000046   Code   RO         1317    .text._ZN5Servo13ClampAngleDegEf  dev_servo.o
    0x08005302   0x08005302   0x00000002   PAD
    0x08005304   0x08005304   0x00000088   Code   RO         1325    .text._ZN5Servo15GetTimerClockHzEP11TIM_TypeDef  dev_servo.o
    0x0800538c   0x0800538c   0x0000009c   Code   RO         1321    .text._ZN5Servo16PulseUsToCompareEP17TIM_HandleTypeDeff  dev_servo.o
    0x08005428   0x08005428   0x00000036   Code   RO         1319    .text._ZN5Servo17AngleDegToPulseUsEf  dev_servo.o
    0x0800545e   0x0800545e   0x00000002   PAD
    0x08005460   0x08005460   0x00000072   Code   RO         1313    .text._ZN5Servo4InitEv  dev_servo.o
    0x080054d2   0x080054d2   0x00000002   PAD
    0x080054d4   0x080054d4   0x0000002a   Code   RO         1311    .text._ZN5ServoC2EP17TIM_HandleTypeDef  dev_servo.o
    0x080054fe   0x080054fe   0x00000002   PAD
    0x08005500   0x08005500   0x00000270   Code   RO         1272    .text._ZN6Bmi08810ReadSensorEPNS_4DataE  dev_bmi088.o
    0x08005770   0x08005770   0x00000038   Code   RO         1266    .text._ZN6Bmi08812ReadGyroRegsEhPht  dev_bmi088.o
    0x080057a8   0x080057a8   0x0000002e   Code   RO         1270    .text._ZN6Bmi08812WriteGyroRegEhh  dev_bmi088.o
    0x080057d6   0x080057d6   0x00000002   PAD
    0x080057d8   0x080057d8   0x00000038   Code   RO         1264    .text._ZN6Bmi08813ReadAccelRegsEhPht  dev_bmi088.o
    0x08005810   0x08005810   0x0000002e   Code   RO         1268    .text._ZN6Bmi08813WriteAccelRegEhh  dev_bmi088.o
    0x0800583e   0x0800583e   0x00000002   PAD
    0x08005840   0x08005840   0x0000007a   Code   RO         1276    .text._ZN6Bmi08815ReadTemperatureEPf  dev_bmi088.o
    0x080058ba   0x080058ba   0x00000002   PAD
    0x080058bc   0x080058bc   0x000001ea   Code   RO         1262    .text._ZN6Bmi0884InitEv  dev_bmi088.o
    0x08005aa6   0x08005aa6   0x00000002   PAD
    0x08005aa8   0x08005aa8   0x0000001c   Code   RO         1274    .text._ZN6Bmi0887ToInt16Ehh  dev_bmi088.o
    0x08005ac4   0x08005ac4   0x0000004e   Code   RO         1260    .text._ZN6Bmi088C2EP19__SPI_HandleTypeDefP12GPIO_TypeDeftS3_t  dev_bmi088.o
    0x08005b12   0x08005b12   0x00000002   PAD
    0x08005b14   0x08005b14   0x0000010a   Code   RO         1403    .text._ZN6DrvSPI13ReadRegistersEP19__SPI_HandleTypeDefP12GPIO_TypeDefthPht  drv_spi.o
    0x08005c1e   0x08005c1e   0x00000002   PAD
    0x08005c20   0x08005c20   0x0000008a   Code   RO         1407    .text._ZN6DrvSPI13WriteRegisterEP19__SPI_HandleTypeDefP12GPIO_TypeDefthh  drv_spi.o
    0x08005caa   0x08005caa   0x00000002   PAD
    0x08005cac   0x08005cac   0x00000060   Code   RO         1401    .text._ZN6DrvSPI15TransmitReceiveEP19__SPI_HandleTypeDefPhS2_tj  drv_spi.o
    0x08005d0c   0x08005d0c   0x0000010e   Code   RO         1405    .text._ZN6DrvSPI22ReadRegistersWithDummyEP19__SPI_HandleTypeDefP12GPIO_TypeDefthPht  drv_spi.o
    0x08005e1a   0x08005e1a   0x00000002   PAD
    0x08005e1c   0x08005e1c   0x0000006c   Code   RO         1418    .text._ZN6DrvTIM10SetCompareEP17TIM_HandleTypeDefjj  drv_tim.o
    0x08005e88   0x08005e88   0x0000001e   Code   RO         1416    .text._ZN6DrvTIM8StartPWMEP17TIM_HandleTypeDefj  drv_tim.o
    0x08005ea6   0x08005ea6   0x00000002   PAD
    0x08005ea8   0x08005ea8   0x00000026   Code   RO         1159    .text._ZN7Control11SetFinLimitEf  alg_control.o
    0x08005ece   0x08005ece   0x00000002   PAD
    0x08005ed0   0x08005ed0   0x00000010   Code   RO         1151    .text._ZN7Control12ComputeDtSecEv  alg_control.o
    0x08005ee0   0x08005ee0   0x00000028   Code   RO         1157    .text._ZN7Control3AbsEf  alg_control.o
    0x08005f08   0x08005f08   0x0000003a   Code   RO         1153    .text._ZN7Control5ClampEfff  alg_control.o
    0x08005f42   0x08005f42   0x00000002   PAD
    0x08005f44   0x08005f44   0x00000236   Code   RO         1149    .text._ZN7Control6UpdateEffRK8Vector3fS2_  alg_control.o
    0x0800617a   0x0800617a   0x00000002   PAD
    0x0800617c   0x0800617c   0x00000070   Code   RO         1147    .text._ZN7ControlC2Ev  alg_control.o
    0x080061ec   0x080061ec   0x0000001a   Code   RO         1386    .text._ZN7DrvGPIO6SetPinEP12GPIO_TypeDeft  drv_gpio.o
    0x08006206   0x08006206   0x00000002   PAD
    0x08006208   0x08006208   0x0000001a   Code   RO         1388    .text._ZN7DrvGPIO8ResetPinEP12GPIO_TypeDeft  drv_gpio.o
    0x08006222   0x08006222   0x00000002   PAD
    0x08006224   0x08006224   0x000000a6   Code   RO         1441    .text._ZN7DrvUART13HandleRxEventEP20__UART_HandleTypeDeft  drv_uart.o
    0x080062ca   0x080062ca   0x00000002   PAD
    0x080062cc   0x080062cc   0x00000070   Code   RO         1427    .text._ZN7DrvUART21StartReceive_DMA_IdleEP20__UART_HandleTypeDefPht  drv_uart.o
    0x0800633c   0x0800633c   0x0000009c   Code   RO         1435    .text._ZN7DrvUART22RegisterRxEventHandlerERKNS_14RxEventHandlerE  drv_uart.o
    0x080063d8   0x080063d8   0x0000003e   Code   RO         1360    .text._ZN8TempCtrl4InitEv  dev_temp_ctrl.o
    0x08006416   0x08006416   0x00000002   PAD
    0x08006418   0x08006418   0x00000156   Code   RO         1364    .text._ZN8TempCtrl6UpdateEf  dev_temp_ctrl.o
    0x0800656e   0x0800656e   0x00000002   PAD
    0x08006570   0x08006570   0x00000010   Code   RO         1362    .text._ZN8TempCtrl9SetTargetEf  dev_temp_ctrl.o
    0x08006580   0x08006580   0x00000038   Code   RO         1358    .text._ZN8TempCtrlC2EP17TIM_HandleTypeDefjj  dev_temp_ctrl.o
    0x080065b8   0x080065b8   0x00000010   Code   RO         1298    .text._ZNK4K23015HasValidCommandEv  dev_k230.o
    0x080065c8   0x080065c8   0x00000018   Code   RO         1296    .text._ZNK4K23018GetGuidanceCommandEv  dev_k230.o
    0x080065e0   0x080065e0   0x0000017a   Code   RO         1155    .text._ZNK7Control5MixerEfffPf  alg_control.o
    0x0800675a   0x0800675a   0x00000002   PAD
    0x0800675c   0x0800675c   0x00000018   Code   RO         1308    .text._ZNSt3__26__math8isfiniteB8nn190000IfTnNS_9enable_ifIXaasr13is_arithmeticIT_EE5valuesr14numeric_limitsIS3_EE12has_infinityEiE4typeELi0EEEbS3_  dev_k230.o
    0x08006774   0x08006774   0x00000030   Code   RO          462    .text.__NVIC_EnableIRQ  stm32f1xx_hal_cortex.o
    0x080067a4   0x080067a4   0x00000010   Code   RO          454    .text.__NVIC_GetPriorityGrouping  stm32f1xx_hal_cortex.o
    0x080067b4   0x080067b4   0x00000042   Code   RO          456    .text.__NVIC_SetPriority  stm32f1xx_hal_cortex.o
    0x080067f6   0x080067f6   0x00000002   PAD
    0x080067f8   0x080067f8   0x0000003c   Code   RO          450    .text.__NVIC_SetPriorityGrouping  stm32f1xx_hal_cortex.o
    0x08006834   0x08006834   0x0000002e   Code   RO         1175    .text.__cxx_global_var_init  app_flight.o
    0x08006862   0x08006862   0x00000002   PAD
    0x08006864   0x08006864   0x00000010   Code   RO         1177    .text.__cxx_global_var_init.1  app_flight.o
    0x08006874   0x08006874   0x00000010   Code   RO         1179    .text.__cxx_global_var_init.2  app_flight.o
    0x08006884   0x08006884   0x00000018   Code   RO         1181    .text.__cxx_global_var_init.3  app_flight.o
    0x0800689c   0x0800689c   0x0000001e   Code   RO         1183    .text.__cxx_global_var_init.4  app_flight.o
    0x080068ba   0x080068ba   0x00000002   PAD
    0x080068bc   0x080068bc   0x00000040   Code   RO           11    .text.main          main.o
    0x080068fc   0x080068fc   0x000000c4   Code   RO         1478    x$fpl$fadd          fz_ws.l(faddsub_clz.o)
    0x080069c0   0x080069c0   0x00000054   Code   RO         1484    x$fpl$fcmp          fz_ws.l(fcmp.o)
    0x08006a14   0x08006a14   0x00000018   Code   RO         1584    x$fpl$fcmpinf       fz_ws.l(fcmpi.o)
    0x08006a2c   0x08006a2c   0x00000184   Code   RO         1487    x$fpl$fdiv          fz_ws.l(fdiv.o)
    0x08006bb0   0x08006bb0   0x00000068   Code   RO         1556    x$fpl$feqf          fz_ws.l(feqf.o)
    0x08006c18   0x08006c18   0x0000003e   Code   RO         1490    x$fpl$ffixu         fz_ws.l(ffixu.o)
    0x08006c56   0x08006c56   0x00000002   PAD
    0x08006c58   0x08006c58   0x00000030   Code   RO         1495    x$fpl$fflt          fz_ws.l(fflt_clz.o)
    0x08006c88   0x08006c88   0x00000026   Code   RO         1494    x$fpl$ffltu         fz_ws.l(fflt_clz.o)
    0x08006cae   0x08006cae   0x00000002   PAD
    0x08006cb0   0x08006cb0   0x00000068   Code   RO         1558    x$fpl$fgeqf         fz_ws.l(fgeqf.o)
    0x08006d18   0x08006d18   0x00000068   Code   RO         1560    x$fpl$fleqf         fz_ws.l(fleqf.o)
    0x08006d80   0x08006d80   0x00000102   Code   RO         1500    x$fpl$fmul          fz_ws.l(fmul.o)
    0x08006e82   0x08006e82   0x0000008c   Code   RO         1562    x$fpl$fnaninf       fz_ws.l(fnaninf.o)
    0x08006f0e   0x08006f0e   0x0000000a   Code   RO         1564    x$fpl$fretinf       fz_ws.l(fretinf.o)
    0x08006f18   0x08006f18   0x000000ea   Code   RO         1480    x$fpl$fsub          fz_ws.l(faddsub_clz.o)
    0x08007002   0x08007002   0x00000000   Code   RO         1566    x$fpl$usenofp       fz_ws.l(usenofp.o)
    0x08007002   0x08007002   0x00000010   Data   RO         1128    .rodata.AHBPrescTable  system_stm32f1xx.o
    0x08007012   0x08007012   0x00000008   Data   RO         1129    .rodata.APBPrescTable  system_stm32f1xx.o
    0x0800701a   0x0800701a   0x00000010   Data   RO          368    .rodata.HAL_RCC_GetSysClockFreq.aPLLMULFactorTable  stm32f1xx_hal_rcc.o
    0x0800702a   0x0800702a   0x00000002   Data   RO          369    .rodata.HAL_RCC_GetSysClockFreq.aPredivFactorTable  stm32f1xx_hal_rcc.o
    0x0800702c   0x0800702c   0x00000010   Data   RO         1327    .rodata._ZN12_GLOBAL__N_114kServoChannelsE  dev_servo.o
    0x0800703c   0x0800703c   0x00000078   Data   RO         1161    .rodata._ZN7FcParam7ControlL8kInitPidE  alg_control.o
    0x080070b4   0x080070b4   0x00000020   Data   RO         1683    Region$$Table       anon$$obj.o
    0x080070d4   0x080070d4   0x00000004   Data   RO         1224    .init_array         app_flight.o
    0x080070d8   0x080070d4   0x00000000   Data   RO         1473    .init_array         c_w.l(init_aeabi.o)


    Execution Region RW_IRAM1 (Exec base: 0x20000000, Load base: 0x080070d8, Size: 0x00000b50, Max: 0x00005000, ABSOLUTE)

    Exec Addr    Load Addr    Size         Type   Attr      Idx    E Section Name        Object

    0x20000000   0x080070d8   0x00000004   Data   RW         1127    .data.SystemCoreClock  system_stm32f1xx.o
    0x20000004   0x080070dc   0x00000001   Data   RW          329    .data.uwTickFreq    stm32f1xx_hal.o
    0x20000005   0x080070dd   0x00000003   PAD
    0x20000008   0x080070e0   0x00000004   Data   RW          328    .data.uwTickPrio    stm32f1xx_hal.o
    0x2000000c   0x080070e4   0x00000004   PAD
    0x20000010        -       0x00000060   Zero   RW         1607    .bss                c_w.l(libspace.o)
    0x20000070        -       0x00000001   Zero   RW         1216    .bss._ZN12_GLOBAL__N_112g_app_initedE  app_flight.o
    0x20000071        -       0x00000001   Zero   RW         1252    .bss._ZN12_GLOBAL__N_113g_div20_countE  app_task.o
    0x20000072   0x080070e4   0x00000002   PAD
    0x20000074        -       0x00000004   Zero   RW         1217    .bss._ZN12_GLOBAL__N_113g_last_run_msE  app_flight.o
    0x20000078        -       0x00000050   Zero   RW         1445    .bss._ZN12_GLOBAL__N_113g_rx_handlersE  drv_uart.o
    0x200000c8        -       0x00000040   Zero   RW         1221    .bss._ZN12_GLOBAL__N_116g_k230_rx_bufferE  app_flight.o
    0x20000108        -       0x00000004   Zero   RW         1222    .bss._ZN12_GLOBAL__N_117g_last_k230_rx_msE  app_flight.o
    0x2000010c        -       0x00000004   Zero   RW         1220    .bss._ZN4VofaL7g_huartE  app_flight.o
    0x20000110        -       0x00000004   Zero   RW         1218    .bss._ZZ15App_Flight_TaskE16g_retry_after_ms  app_flight.o
    0x20000114        -       0x00000001   Zero   RW         1219    .bss._ZZ15App_Flight_TaskE8vofa_div  app_flight.o
    0x20000115        -       0x00000001   Zero   RW         1278    .bss.aaa            dev_bmi088.o
    0x20000116   0x080070e4   0x00000002   PAD
    0x20000118        -       0x00000064   Zero   RW         1211    .bss.g_bmi088       app_flight.o
    0x2000017c        -       0x00000058   Zero   RW         1213    .bss.g_control      app_flight.o
    0x200001d4        -       0x0000001c   Zero   RW         1212    .bss.g_k230         app_flight.o
    0x200001f0        -       0x00000004   Zero   RW         1214    .bss.g_servo        app_flight.o
    0x200001f4        -       0x00000030   Zero   RW         1215    .bss.g_temp_ctrl    app_flight.o
    0x20000224        -       0x00000044   Zero   RW           90    .bss.hdma_usart1_rx  usart.o
    0x20000268        -       0x00000044   Zero   RW           91    .bss.hdma_usart1_tx  usart.o
    0x200002ac        -       0x00000044   Zero   RW           92    .bss.hdma_usart3_rx  usart.o
    0x200002f0        -       0x00000044   Zero   RW           93    .bss.hdma_usart3_tx  usart.o
    0x20000334        -       0x00000058   Zero   RW           47    .bss.hspi1          spi.o
    0x2000038c        -       0x00000048   Zero   RW           69    .bss.htim1          tim.o
    0x200003d4        -       0x00000048   Zero   RW           70    .bss.htim2          tim.o
    0x2000041c        -       0x00000048   Zero   RW           71    .bss.htim3          tim.o
    0x20000464        -       0x00000048   Zero   RW           72    .bss.htim4          tim.o
    0x200004ac        -       0x00000048   Zero   RW           88    .bss.huart1         usart.o
    0x200004f4        -       0x00000048   Zero   RW           89    .bss.huart3         usart.o
    0x2000053c        -       0x00000004   Zero   RW         1248    .bss.t_ms           app_task.o
    0x20000540        -       0x00000001   Zero   RW         1249    .bss.task_10ms_flag  app_task.o
    0x20000541        -       0x00000001   Zero   RW         1250    .bss.task_20ms_flag  app_task.o
    0x20000542   0x080070e4   0x00000002   PAD
    0x20000544        -       0x00000004   Zero   RW         1251    .bss.task_overload_count  app_task.o
    0x20000548        -       0x00000004   Zero   RW          330    .bss.uwTick         stm32f1xx_hal.o
    0x2000054c   0x080070e4   0x00000004   PAD
    0x20000550        -       0x00000200   Zero   RW            2    HEAP                startup_stm32f103xb.o
    0x20000750        -       0x00000400   Zero   RW            1    STACK               startup_stm32f103xb.o


==============================================================================

Image component sizes


      Code (inc. data)   RO Data    RW Data    ZI Data      Debug   Object Name

      1208          0        120          0          0       6325   alg_control.o
      1592          0          4          0        350      14622   app_flight.o
       364          0          0          0         11       5046   app_task.o
      1546          0          0          0          1       7041   dev_bmi088.o
       608          0          0          0          0      20480   dev_k230.o
       700          0         16          0          0       7051   dev_servo.o
       476          0          0          0          0       3768   dev_temp_ctrl.o
       112          0          0          0          0       1992   dma.o
        16          0          0          0          0       2998   drv_delay.o
        52          0          0          0          0       2864   drv_gpio.o
       770          0          0          0          0       4363   drv_spi.o
       138          0          0          0          0       4308   drv_tim.o
       662          0          0          0         80       7128   drv_uart.o
       154          0          0          0          0       1493   gpio.o
       186          0          0          0          0       1637   main.o
       226          0          0          0         88       4071   spi.o
        64         26        236          0       1536        780   startup_stm32f103xb.o
       254          0          0          5          4       5548   stm32f1xx_hal.o
       482          0          0          0          0       7534   stm32f1xx_hal_cortex.o
      1510          0          0          0          0       6287   stm32f1xx_hal_dma.o
       844          0          0          0          0       4212   stm32f1xx_hal_gpio.o
       100          0          0          0          0       1187   stm32f1xx_hal_msp.o
      2582          0         18          0          0       7413   stm32f1xx_hal_rcc.o
      1584          0          0          0          0      18919   stm32f1xx_hal_spi.o
      3486         14          0          0          0      35650   stm32f1xx_hal_tim.o
       414          0          0          0          0      15095   stm32f1xx_hal_tim_ex.o
      3474          0          0          0          0      20039   stm32f1xx_hal_uart.o
       146          0          0          0          0       1684   stm32f1xx_it.o
         2          0         24          4          0       1555   system_stm32f1xx.o
      1250          0          0          0        288       7879   tim.o
       770          0          0          0        416       6068   usart.o

    ----------------------------------------------------------------------
     25952         40        450         12       2788     235037   Object Totals
         0          0         32          0          0          0   (incl. Generated)
       180          0          0          3         14          0   (incl. Padding)

    ----------------------------------------------------------------------

      Code (inc. data)   RO Data    RW Data    ZI Data      Debug   Library Member Name

         8          0          0          0          0         68   __main.o
         0          0          0          0          0          0   __rtentry.o
        12          0          0          0          0          0   __rtentry2.o
         6          0          0          0          0          0   __rtentry4.o
        94          8          0          0          0          0   __scatter.o
        26          0          0          0          0          0   __scatter_copy.o
        28          0          0          0          0          0   __scatter_zi.o
        18          0          0          0          0         80   exit.o
         6          0          0          0          0        152   heapauxi.o
         0          0          0          0          0          0   indicate_semi.o
        44          8          0          0          0         80   init_aeabi.o
         2          0          0          0          0          0   libinit.o
         6          0          0          0          0          0   libinit2.o
         2          0          0          0          0          0   libshutdown.o
         2          0          0          0          0          0   libshutdown2.o
         8          4          0          0         96         68   libspace.o
        78          0          0          0          0         80   rt_memclr_w.o
       138          0          0          0          0         68   rt_memcpy_v6.o
       100          0          0          0          0         80   rt_memcpy_w.o
         2          0          0          0          0          0   rtexit.o
        10          0          0          0          0          0   rtexit2.o
        12          4          0          0          0         68   sys_exit.o
        74          0          0          0          0         80   sys_stackheap_outer.o
         2          0          0          0          0         68   use_no_semi.o
       430          8          0          0          0        168   faddsub_clz.o
        84          0          0          0          0        196   fcmp.o
        24          0          0          0          0         68   fcmpi.o
       388         76          0          0          0         96   fdiv.o
       104          4          0          0          0         84   feqf.o
        62          4          0          0          0         84   ffixu.o
        86          0          0          0          0        136   fflt_clz.o
       104          4          0          0          0         84   fgeqf.o
       104          4          0          0          0         84   fleqf.o
       258          4          0          0          0         84   fmul.o
       140          4          0          0          0         84   fnaninf.o
        10          0          0          0          0         68   fretinf.o
         0          0          0          0          0          0   usenofp.o

    ----------------------------------------------------------------------
      2486        132          0          0         96       2128   Library Totals
        14          0          0          0          0          0   (incl. Padding)

    ----------------------------------------------------------------------

      Code (inc. data)   RO Data    RW Data    ZI Data      Debug   Library Name

       678         24          0          0         96        892   c_w.l
      1794        108          0          0          0       1236   fz_ws.l

    ----------------------------------------------------------------------
      2486        132          0          0         96       2128   Library Totals

    ----------------------------------------------------------------------

==============================================================================


      Code (inc. data)   RO Data    RW Data    ZI Data      Debug   

     28438        172        450         12       2884     235609   Grand Totals
     28438        172        450         12       2884     235609   ELF Image Totals
     28438        172        450         12          0          0   ROM Totals

==============================================================================

    Total RO  Size (Code + RO Data)                28888 (  28.21kB)
    Total RW  Size (RW Data + ZI Data)              2896 (   2.83kB)
    Total ROM Size (Code + RO Data + RW Data)      28900 (  28.22kB)

==============================================================================

