<html>
<body>
<pre>
<h1>µVision Build Log</h1>
<h2>Tool Versions:</h2>
IDE-Version: ¦ÌVision V5.40.0.0
Copyright (C) 2024 ARM Ltd and ARM Germany GmbH. All rights reserved.
License Information: Miracle 3345634042@qq.com, NEQURM, LIC=14HV2-9YBMP-8TZ3P-MP7JJ-W6ZJW-VRQ2E
 
Tool Versions:
Toolchain:       MDK-ARM Plus  Version: 5.40.0.3
Toolchain Path:  D:\work_stm\keil540\ARM\ARMCLANG\Bin
C Compiler:      ArmClang.exe V6.22
Assembler:       Armasm.exe V6.22
Linker/Locator:  ArmLink.exe V6.22
Library Manager: ArmAr.exe V6.22
Hex Converter:   FromElf.exe V6.22
CPU DLL:         SARMCM3.DLL V5.40.0.3
Dialog DLL:      DCM.DLL V1.17.5.0
Target DLL:      Segger\JL2CM3.dll V2.99.44.0
Dialog DLL:      TCM.DLL V1.56.4.0
 
<h2>Project:</h2>
D:\Work_stm\ZLLC_Guided_Dart\MDK-ARM\Guided_Dart.uvprojx
Project File Date:  05/01/2026

<h2>Output:</h2>
*** Using Compiler 'V6.22', folder: 'D:\work_stm\keil540\ARM\ARMCLANG\Bin'
Build target 'Guided_Dart'
compiling drv_spi.cpp...
linking...
Program Size: Code=28438 RO-data=450 RW-data=12 ZI-data=2884  
FromELF: creating hex file...
"Guided_Dart\Guided_Dart.axf" - 0 Error(s), 0 Warning(s).

<h2>Software Packages used:</h2>

Package Vendor: ARM
                https://www.keil.com/pack/ARM.CMSIS.6.1.0.pack
                ARM::CMSIS@6.1.0
                CMSIS (Common Microcontroller Software Interface Standard)
   * Component: CORE Version: 6.1.0

Package Vendor: Keil
                http://www.keil.com/pack/Keil.STM32F1xx_DFP.2.2.0.pack
                Keil::STM32F1xx_DFP@2.2.0
                STMicroelectronics STM32F1 Series Device Support, Drivers and Examples

<h2>Collection of Component include folders:</h2>
  ./RTE/_Guided_Dart
  D:/Work_stm/keil540/ARM/Packs/ARM/CMSIS/6.1.0/CMSIS/Core/Include
  D:/Work_stm/keil540/ARM/Packs/Keil/STM32F1xx_DFP/2.2.0/Device/Include

<h2>Collection of Component Files used:</h2>

   * Component: ARM::CMSIS:CORE@6.1.0
      Include file:  CMSIS/Core/Include/tz_context.h
Build Time Elapsed:  00:00:01
</pre>
</body>
</html>
